   1               		.file	"dnsc.c"
   2               	__SREG__ = 0x3f
   3               	__SP_H__ = 0x3e
   4               	__SP_L__ = 0x3d
   5               	__CCP__  = 0x34
   6               	__tmp_reg__ = 0
   7               	__zero_reg__ = 1
  15               	.Ltext0:
  16               		.comm eth,1,1
  17               		.comm TCP_PORT_TABLE,20,1
  18               		.comm UDP_PORT_TABLE,20,1
  19               		.comm arp_entry,60,1
  20               		.comm tcp_entry,132,1
  21               		.comm buffercounter,2,1
  22               		.comm usart_rx_buffer,50,1
  23               		.comm rx_buffer_pointer_in,2,1
  24               		.comm rx_buffer_pointer_out,2,1
  25               		.comm usart_status,1,1
  26               		.comm time,4,1
  27               		.comm stack_watchdog,2,1
  28               		.comm gp_timer,1,1
  29               	.Letext0:
DEFINED SYMBOLS
                            *ABS*:00000000 dnsc.c
C:\DOCUME~1\flyman\LOCALS~1\Temp/ccNlKvkd.s:2      *ABS*:0000003f __SREG__
C:\DOCUME~1\flyman\LOCALS~1\Temp/ccNlKvkd.s:3      *ABS*:0000003e __SP_H__
C:\DOCUME~1\flyman\LOCALS~1\Temp/ccNlKvkd.s:4      *ABS*:0000003d __SP_L__
C:\DOCUME~1\flyman\LOCALS~1\Temp/ccNlKvkd.s:5      *ABS*:00000034 __CCP__
C:\DOCUME~1\flyman\LOCALS~1\Temp/ccNlKvkd.s:6      *ABS*:00000000 __tmp_reg__
C:\DOCUME~1\flyman\LOCALS~1\Temp/ccNlKvkd.s:7      *ABS*:00000001 __zero_reg__
                            *COM*:00000001 eth
                            *COM*:00000014 TCP_PORT_TABLE
                            *COM*:00000014 UDP_PORT_TABLE
                            *COM*:0000003c arp_entry
                            *COM*:00000084 tcp_entry
                            *COM*:00000002 buffercounter
                            *COM*:00000032 usart_rx_buffer
                            *COM*:00000002 rx_buffer_pointer_in
                            *COM*:00000002 rx_buffer_pointer_out
                            *COM*:00000001 usart_status
                            *COM*:00000004 time
                            *COM*:00000002 stack_watchdog
                            *COM*:00000001 gp_timer

UNDEFINED SYMBOLS
__do_clear_bss
