Archive member included because of file (symbol)

c:/winavr-20100110/bin/../lib/gcc/avr/4.3.3/../../../../avr/lib/avr5\libm.a(addsf3.o)
                              usart.o (__subsf3)
c:/winavr-20100110/bin/../lib/gcc/avr/4.3.3/../../../../avr/lib/avr5\libm.a(addsf3x.o)
                              c:/winavr-20100110/bin/../lib/gcc/avr/4.3.3/../../../../avr/lib/avr5\libm.a(addsf3.o) (__addsf3x)
c:/winavr-20100110/bin/../lib/gcc/avr/4.3.3/../../../../avr/lib/avr5\libm.a(cmpsf2.o)
                              main.o (__ltsf2)
c:/winavr-20100110/bin/../lib/gcc/avr/4.3.3/../../../../avr/lib/avr5\libm.a(divsf3.o)
                              main.o (__divsf3)
c:/winavr-20100110/bin/../lib/gcc/avr/4.3.3/../../../../avr/lib/avr5\libm.a(divsf3x.o)
                              c:/winavr-20100110/bin/../lib/gcc/avr/4.3.3/../../../../avr/lib/avr5\libm.a(divsf3.o) (__divsf3x)
c:/winavr-20100110/bin/../lib/gcc/avr/4.3.3/../../../../avr/lib/avr5\libm.a(fixunssfsi.o)
                              main.o (__fixunssfsi)
c:/winavr-20100110/bin/../lib/gcc/avr/4.3.3/../../../../avr/lib/avr5\libm.a(floatsisf.o)
                              main.o (__floatunsisf)
c:/winavr-20100110/bin/../lib/gcc/avr/4.3.3/../../../../avr/lib/avr5\libm.a(fp_cmp.o)
                              c:/winavr-20100110/bin/../lib/gcc/avr/4.3.3/../../../../avr/lib/avr5\libm.a(cmpsf2.o) (__fp_cmp)
c:/winavr-20100110/bin/../lib/gcc/avr/4.3.3/../../../../avr/lib/avr5\libm.a(fp_inf.o)
                              c:/winavr-20100110/bin/../lib/gcc/avr/4.3.3/../../../../avr/lib/avr5\libm.a(addsf3x.o) (__fp_inf)
c:/winavr-20100110/bin/../lib/gcc/avr/4.3.3/../../../../avr/lib/avr5\libm.a(fp_nan.o)
                              c:/winavr-20100110/bin/../lib/gcc/avr/4.3.3/../../../../avr/lib/avr5\libm.a(addsf3x.o) (__fp_nan)
c:/winavr-20100110/bin/../lib/gcc/avr/4.3.3/../../../../avr/lib/avr5\libm.a(fp_pscA.o)
                              c:/winavr-20100110/bin/../lib/gcc/avr/4.3.3/../../../../avr/lib/avr5\libm.a(addsf3x.o) (__fp_pscA)
c:/winavr-20100110/bin/../lib/gcc/avr/4.3.3/../../../../avr/lib/avr5\libm.a(fp_pscB.o)
                              c:/winavr-20100110/bin/../lib/gcc/avr/4.3.3/../../../../avr/lib/avr5\libm.a(addsf3x.o) (__fp_pscB)
c:/winavr-20100110/bin/../lib/gcc/avr/4.3.3/../../../../avr/lib/avr5\libm.a(fp_round.o)
                              c:/winavr-20100110/bin/../lib/gcc/avr/4.3.3/../../../../avr/lib/avr5\libm.a(addsf3.o) (__fp_round)
c:/winavr-20100110/bin/../lib/gcc/avr/4.3.3/../../../../avr/lib/avr5\libm.a(fp_split3.o)
                              c:/winavr-20100110/bin/../lib/gcc/avr/4.3.3/../../../../avr/lib/avr5\libm.a(addsf3x.o) (__fp_split3)
c:/winavr-20100110/bin/../lib/gcc/avr/4.3.3/../../../../avr/lib/avr5\libm.a(fp_zero.o)
                              c:/winavr-20100110/bin/../lib/gcc/avr/4.3.3/../../../../avr/lib/avr5\libm.a(addsf3x.o) (__fp_zero)
c:/winavr-20100110/bin/../lib/gcc/avr/4.3.3/../../../../avr/lib/avr5\libm.a(gesf2.o)
                              main.o (__gtsf2)
c:/winavr-20100110/bin/../lib/gcc/avr/4.3.3/../../../../avr/lib/avr5\libm.a(mulsf3.o)
                              main.o (__mulsf3)
c:/winavr-20100110/bin/../lib/gcc/avr/4.3.3/../../../../avr/lib/avr5\libm.a(mulsf3x.o)
                              c:/winavr-20100110/bin/../lib/gcc/avr/4.3.3/../../../../avr/lib/avr5\libm.a(mulsf3.o) (__mulsf3x)
c:/winavr-20100110/bin/../lib/gcc/avr/4.3.3/../../../../avr/lib/avr5\libm.a(round.o)
                              usart.o (round)
c:/winavr-20100110/bin/../lib/gcc/avr/4.3.3/../../../../avr/lib/avr5\libm.a(fp_mintl.o)
                              c:/winavr-20100110/bin/../lib/gcc/avr/4.3.3/../../../../avr/lib/avr5\libm.a(round.o) (__fp_mintl)
c:/winavr-20100110/bin/../lib/gcc/avr/4.3.3/../../../../avr/lib/avr5\libm.a(fp_mpack.o)
                              c:/winavr-20100110/bin/../lib/gcc/avr/4.3.3/../../../../avr/lib/avr5\libm.a(round.o) (__fp_mpack)
c:/winavr-20100110/bin/../lib/gcc/avr/4.3.3/avr5\libgcc.a(_udivmodhi4.o)
                              main.o (__udivmodhi4)
c:/winavr-20100110/bin/../lib/gcc/avr/4.3.3/avr5\libgcc.a(_udivmodsi4.o)
                              cmd.o (__udivmodsi4)
c:/winavr-20100110/bin/../lib/gcc/avr/4.3.3/avr5\libgcc.a(_exit.o)
                              c:/winavr-20100110/bin/../lib/gcc/avr/4.3.3/../../../../avr/lib/avr5/crtm32.o (exit)
c:/winavr-20100110/bin/../lib/gcc/avr/4.3.3/avr5\libgcc.a(_copy_data.o)
                              main.o (__do_copy_data)
c:/winavr-20100110/bin/../lib/gcc/avr/4.3.3/avr5\libgcc.a(_clear_bss.o)
                              main.o (__do_clear_bss)
c:/winavr-20100110/bin/../lib/gcc/avr/4.3.3/../../../../avr/lib/avr5\libc.a(strtol.o)
                              cmd.o (strtol)
c:/winavr-20100110/bin/../lib/gcc/avr/4.3.3/../../../../avr/lib/avr5\libc.a(atoi.o)
                              usart.o (atoi)
c:/winavr-20100110/bin/../lib/gcc/avr/4.3.3/../../../../avr/lib/avr5\libc.a(isspace.o)
[...]
Memory Configuration

Name             Origin             Length             Attributes
text             0x00000000         0x00020000         xr
data             0x00800060         0x0000ffa0         rw !x
eeprom           0x00810000         0x00010000         rw !x
fuse             0x00820000         0x00000400         rw !x
lock             0x00830000         0x00000400         rw !x
signature        0x00840000         0x00000400         rw !x
*default*        0x00000000         0xffffffff

Linker script and memory map

LOAD c:/winavr-20100110/bin/../lib/gcc/avr/4.3.3/../../../../avr/lib/avr5/crtm32.o
LOAD main.o
LOAD usart.o
LOAD stack.o
LOAD timer.o
LOAD cmd.o
LOAD base64.o
LOAD networkcard/enc28j60.o
LOAD networkcard/rtl8019.o
LOAD httpd.o
LOAD telnetd.o
LOAD ntp.o
LOAD lcd.o
LOAD udp_lcd.o
LOAD wol.o
LOAD http_get.o
LOAD analog.o
LOAD sendmail.o
LOAD camera/cam.o
LOAD camera/servo.o
LOAD dnsc.o
LOAD dhcpc.o
LOAD c:/winavr-20100110/bin/../lib/gcc/avr/4.3.3/../../../../avr/lib/avr5\libm.a
LOAD c:/winavr-20100110/bin/../lib/gcc/avr/4.3.3/avr5\libgcc.a
LOAD c:/winavr-20100110/bin/../lib/gcc/avr/4.3.3/../../../../avr/lib/avr5\libc.a
LOAD c:/winavr-20100110/bin/../lib/gcc/avr/4.3.3/avr5\libgcc.a

.hash
 *(.hash)

.dynsym
 *(.dynsym)

.dynstr
 *(.dynstr)

.gnu.version
 *(.gnu.version)

.gnu.version_d
 *(.gnu.version_d)

.gnu.version_r
 *(.gnu.version_r)

.rel.init
 *(.rel.init)

.rela.init
 *(.rela.init)

.rel.text
 *(.rel.text)
 *(.rel.text.*)
 *(.rel.gnu.linkonce.t*)

.rela.text
 *(.rela.text)
 *(.rela.text.*)
 *(.rela.gnu.linkonce.t*)

.rel.fini
 *(.rel.fini)

.rela.fini
 *(.rela.fini)

.rel.rodata
 *(.rel.rodata)
 *(.rel.rodata.*)
 *(.rel.gnu.linkonce.r*)

.rela.rodata
 *(.rela.rodata)
 *(.rela.rodata.*)
 *(.rela.gnu.linkonce.r*)

.rel.data
 *(.rel.data)
 *(.rel.data.*)
 *(.rel.gnu.linkonce.d*)

.rela.data
 *(.rela.data)
 *(.rela.data.*)
 *(.rela.gnu.linkonce.d*)

.rel.ctors
 *(.rel.ctors)

.rela.ctors
 *(.rela.ctors)

.rel.dtors
 *(.rel.dtors)

.rela.dtors
 *(.rela.dtors)

.rel.got
 *(.rel.got)

.rela.got
 *(.rela.got)

.rel.bss
 *(.rel.bss)

.rela.bss
 *(.rela.bss)

.rel.plt
 *(.rel.plt)

.rela.plt
 *(.rela.plt)

.text           0x00000000     0x7f0a
 *(.vectors)
 .vectors       0x00000000       0x54 c:/winavr-20100110/bin/../lib/gcc/avr/4.3.3/../../../../avr/lib/avr5/crtm32.o
                0x00000000                __vectors
                0x00000000                __vector_default
 *(.vectors)
 *(.progmem.gcc*)
 *(.progmem*)
 .progmem.data  0x00000054      0x1ba main.o
 .progmem.data  0x0000020e       0x4d stack.o
 .progmem.data  0x0000025b      0x2fd cmd.o
                0x0000025b                helptext
 .progmem.data  0x00000558       0x42 base64.o
                0x00000558                BASE64CODE
 .progmem.data  0x0000059a       0x72 networkcard/enc28j60.o
 .progmem.data  0x0000060c     0x19d3 httpd.o
                0x00001d88                http_header1
                0x0000060c                Page1
                0x000010ff                Page3
                0x00001f31                http_header5
                0x00001de0                http_header2
                0x00000e38                Page2
                0x00001d2f                http_header0
                0x00001fa6                Page0
                0x000013ff                led_on
                0x00001ebb                http_header4
                0x0000149e                led_off
                0x0000154c                bild_balken
                0x00001e62                http_header3
                0x00001595                bild_rakete
 .progmem.data  0x00001fdf       0x17 telnetd.o
 .progmem.data  0x00001ff6       0x1f udp_lcd.o
 .progmem.data  0x00002015       0xbf http_get.o
                0x00002015                WEATHER_GET_STRING
                0x000020d4                . = ALIGN (0x2)
                0x000020d4                __trampolines_start = .
 *(.trampolines)
 .trampolines   0x000020d4        0x0 linker stubs
 *(.trampolines*)
                0x000020d4                __trampolines_end = .
 *(.jumptables)
 *(.jumptables*)
 *(.lowtext)
 *(.lowtext*)
                0x000020d4                __ctors_start = .
 *(.ctors)
                0x000020d4                __ctors_end = .
                0x000020d4                __dtors_start = .
 *(.dtors)
                0x000020d4                __dtors_end = .
 SORT(*)(.ctors)
 SORT(*)(.dtors)
 *(.init0)
 .init0         0x000020d4        0x0 c:/winavr-20100110/bin/../lib/gcc/avr/4.3.3/../../../../avr/lib/avr5/crtm32.o
                0x000020d4                __init
 *(.init0)
 *(.init1)
 *(.init1)
 *(.init2)
 .init2         0x000020d4        0xc c:/winavr-20100110/bin/../lib/gcc/avr/4.3.3/../../../../avr/lib/avr5/crtm32.o
 *(.init2)
 *(.init3)
 *(.init3)
 *(.init4)
 .init4         0x000020e0       0x16 c:/winavr-20100110/bin/../lib/gcc/avr/4.3.3/avr5\libgcc.a(_copy_data.o)
                0x000020e0                __do_copy_data
 .init4         0x000020f6       0x10 c:/winavr-20100110/bin/../lib/gcc/avr/4.3.3/avr5\libgcc.a(_clear_bss.o)
                0x000020f6                __do_clear_bss
 *(.init4)
 *(.init5)
 *(.init5)
 *(.init6)
 *(.init6)
 *(.init7)
 *(.init7)
 *(.init8)
 *(.init8)
 *(.init9)
 .init9         0x00002106        0x8 c:/winavr-20100110/bin/../lib/gcc/avr/4.3.3/../../../../avr/lib/avr5/crtm32.o
 *(.init9)
 *(.text)
 .text          0x0000210e        0x4 c:/winavr-20100110/bin/../lib/gcc/avr/4.3.3/../../../../avr/lib/avr5/crtm32.o
                0x0000210e                __vector_1
                0x0000210e                __vector_12
                0x0000210e                __bad_interrupt
                0x0000210e                __vector_6
                0x0000210e                __vector_11
                0x0000210e                __vector_17
                0x0000210e                __vector_19
                0x0000210e                __vector_5
                0x0000210e                __vector_4
                0x0000210e                __vector_9
                0x0000210e                __vector_2
                0x0000210e                __vector_15
                0x0000210e                __vector_8
                0x0000210e                __vector_14
                0x0000210e                __vector_10
                0x0000210e                __vector_16
                0x0000210e                __vector_18
                0x0000210e                __vector_20
 .text          0x00002112      0xace main.o
                0x00002112                read_adc
                0x00002178                LcdWriteData
                0x000021fe                LCD_test
                0x00002492                main
                0x00002222                IRC_options
                0x0000213e                LcdWriteCom
                0x000021aa                InitLcd
 .text          0x00002be0      0x330 usart.o
                0x00002d2a                usart_write_P
                0x00002be0                usart_write_char
                0x00002c0c                __vector_13
                0x00002ec8                usart_init
                0x00002bf2                usart_write_str
 .text          0x00002f10     0x1dc4 stack.o
                0x0000401a                tcp_Port_close
                0x0000370a                udp_socket_process
                0x00003000                add_tcp_app
                0x00003f3c                tcp_port_open
                0x000044d0                create_new_udp_packet
                0x0000404c                tcp_socket_process
                0x000047f4                check_packet
                0x000034e8                tcp_entry_add
                0x000030d6                __vector_3
                0x000032b4                arp_entry_search
                0x00003750                find_and_start
                0x00002f76                arp_timer_call
                0x00004434                tcp_timer_call
                0x000048e8                eth_get_data
                0x00003106                arp_entry_add
                0x00004946                arp_request
                0x000036a6                tcp_entry_search
                0x00004b28                get_eeprom_value
                0x00004658                arp_reply
                0x000030b6                kill_udp_app
                0x00003440                make_ip_header
                0x000032fa                new_eth_header
                0x0000459c                icmp_send
                0x00004bcc                stack_init
                0x00002f10                htons
                0x00003b20                udp_discovery_packet
                0x0000380c                create_tcp_packet
                0x000033b0                checksum
                0x00002f18                htons32
                0x000037b8                tcp_index_del
                0x0000307a                add_udp_app
                0x0000303c                change_port_tcp_app
                0x00003dba                create_new_tcp_packet
 .text          0x00004cd4       0x92 timer.o
                0x00004cd4                timer_init
                0x00004cee                __vector_7
 .text          0x00004d66      0xae6 cmd.o
                0x000055ac                command_net
                0x000056b4                command_ping
                0x0000548c                command_ver
                0x00004e8a                write_eeprom_ip
                0x00005244                command_arp
                0x00004e26                save_ip_addresses
                0x00004d74                command_UDP_discover
                0x00004d66                command_reset
                0x00005528                command_router
                0x00004f24                command_time
                0x00005778                extract_cmd
                0x00005630                command_ip
                0x00004d72                command_wol
                0x000054bc                command_mac
                0x00004ed2                command_help
                0x00004dc4                read_ip_addresses
                0x00004d70                command_ntp_refresh
                0x00005018                command_setvar
                0x00005092                command_tcp
                0x00004d6e                command_ntp
 .text          0x0000584c       0xb2 base64.o
                0x0000584c                decode_base64
 .text          0x000058fe      0x4f8 networkcard/enc28j60.o
                0x00005b9e                enc_receive_packet
                0x00005cce                enc_send_packet
                0x00005a2a                enc_init
 .text          0x00005df6        0x0 networkcard/rtl8019.o
 .text          0x00005df6      0xb2a httpd.o
                0x000061d0                httpd_header_check
                0x0000685a                httpd
                0x00005e54                httpd_data_send
                0x00006906                httpd_init
                0x00005df6                httpd_stack_clear
 .text          0x00006920      0x2b0 telnetd.o
                0x00006a20                telnetd
                0x00006bc2                telnetd_init
                0x00006920                telnetd_send_data
 .text          0x00006bd0        0x0 ntp.o
 .text          0x00006bd0        0x0 lcd.o
 .text          0x00006bd0       0x44 udp_lcd.o
                0x00006bd0                udp_lcd_get
                0x00006c06                udp_lcd_init
 .text          0x00006c14        0x0 wol.o
 .text          0x00006c14      0x2fa http_get.o
                0x00006c14                http_request
                0x00006e30                test
 .text          0x00006f0e        0x0 analog.o
 .text          0x00006f0e        0x0 sendmail.o
 .text          0x00006f0e        0x0 camera/cam.o
 .text          0x00006f0e        0x0 camera/servo.o
 .text          0x00006f0e        0x0 dnsc.o
 .text          0x00006f0e        0x0 dhcpc.o
 .text          0x00006f0e        0x0 c:/winavr-20100110/bin/../lib/gcc/avr/4.3.3/../../../../avr/lib/avr5\libm.a(addsf3.o)
 .text          0x00006f0e        0x0 c:/winavr-20100110/bin/../lib/gcc/avr/4.3.3/../../../../avr/lib/avr5\libm.a(addsf3x.o)
 .text          0x00006f0e        0x0 c:/winavr-20100110/bin/../lib/gcc/avr/4.3.3/../../../../avr/lib/avr5\libm.a(cmpsf2.o)
 .text          0x00006f0e        0x0 c:/winavr-20100110/bin/../lib/gcc/avr/4.3.3/../../../../avr/lib/avr5\libm.a(divsf3.o)
 .text          0x00006f0e        0x0 c:/winavr-20100110/bin/../lib/gcc/avr/4.3.3/../../../../avr/lib/avr5\libm.a(divsf3x.o)
 .text          0x00006f0e        0x0 c:/winavr-20100110/bin/../lib/gcc/avr/4.3.3/../../../../avr/lib/avr5\libm.a(fixunssfsi.o)
 .text          0x00006f0e        0x0 c:/winavr-20100110/bin/../lib/gcc/avr/4.3.3/../../../../avr/lib/avr5\libm.a(floatsisf.o)
 .text          0x00006f0e        0x0 c:/winavr-20100110/bin/../lib/gcc/avr/4.3.3/../../../../avr/lib/avr5\libm.a(fp_cmp.o)
 .text          0x00006f0e        0x0 c:/winavr-20100110/bin/../lib/gcc/avr/4.3.3/../../../../avr/lib/avr5\libm.a(fp_inf.o)
 .text          0x00006f0e        0x0 c:/winavr-20100110/bin/../lib/gcc/avr/4.3.3/../../../../avr/lib/avr5\libm.a(fp_nan.o)
 .text          0x00006f0e        0x0 c:/winavr-20100110/bin/../lib/gcc/avr/4.3.3/../../../../avr/lib/avr5\libm.a(fp_pscA.o)
 .text          0x00006f0e        0x0 c:/winavr-20100110/bin/../lib/gcc/avr/4.3.3/../../../../avr/lib/avr5\libm.a(fp_pscB.o)
 .text          0x00006f0e        0x0 c:/winavr-20100110/bin/../lib/gcc/avr/4.3.3/../../../../avr/lib/avr5\libm.a(fp_round.o)
 .text          0x00006f0e        0x0 c:/winavr-20100110/bin/../lib/gcc/avr/4.3.3/../../../../avr/lib/avr5\libm.a(fp_split3.o)
 .text          0x00006f0e        0x0 c:/winavr-20100110/bin/../lib/gcc/avr/4.3.3/../../../../avr/lib/avr5\libm.a(fp_zero.o)
 .text          0x00006f0e        0x0 c:/winavr-20100110/bin/../lib/gcc/avr/4.3.3/../../../../avr/lib/avr5\libm.a(gesf2.o)
 .text          0x00006f0e        0x0 c:/winavr-20100110/bin/../lib/gcc/avr/4.3.3/../../../../avr/lib/avr5\libm.a(mulsf3.o)
 .text          0x00006f0e        0x0 c:/winavr-20100110/bin/../lib/gcc/avr/4.3.3/../../../../avr/lib/avr5\libm.a(mulsf3x.o)
 .text          0x00006f0e        0x0 c:/winavr-20100110/bin/../lib/gcc/avr/4.3.3/../../../../avr/lib/avr5\libm.a(round.o)
 .text          0x00006f0e        0x0 c:/winavr-20100110/bin/../lib/gcc/avr/4.3.3/../../../../avr/lib/avr5\libm.a(fp_mintl.o)
 .text          0x00006f0e        0x0 c:/winavr-20100110/bin/../lib/gcc/avr/4.3.3/../../../../avr/lib/avr5\libm.a(fp_mpack.o)
 .text          0x00006f0e        0x0 c:/winavr-20100110/bin/../lib/gcc/avr/4.3.3/avr5\libgcc.a(_udivmodhi4.o)
 .text          0x00006f0e        0x0 c:/winavr-20100110/bin/../lib/gcc/avr/4.3.3/avr5\libgcc.a(_udivmodsi4.o)
 .text          0x00006f0e        0x0 c:/winavr-20100110/bin/../lib/gcc/avr/4.3.3/avr5\libgcc.a(_exit.o)
 .text          0x00006f0e        0x0 c:/winavr-20100110/bin/../lib/gcc/avr/4.3.3/avr5\libgcc.a(_copy_data.o)
 .text          0x00006f0e        0x0 c:/winavr-20100110/bin/../lib/gcc/avr/4.3.3/avr5\libgcc.a(_clear_bss.o)
 .text          0x00006f0e        0x0 c:/winavr-20100110/bin/../lib/gcc/avr/4.3.3/../../../../avr/lib/avr5\libc.a(strtol.o)
 .text          0x00006f0e        0x0 c:/winavr-20100110/bin/../lib/gcc/avr/4.3.3/../../../../avr/lib/avr5\libc.a(atoi.o)
 .text          0x00006f0e        0x0 c:/winavr-20100110/bin/../lib/gcc/avr/4.3.3/../../../../avr/lib/avr5\libc.a(isspace.o)
 .text          0x00006f0e        0x0 c:/winavr-20100110/bin/../lib/gcc/avr/4.3.3/../../../../avr/lib/avr5\libc.a(memcpy_P.o)
 .text          0x00006f0e        0x0 c:/winavr-20100110/bin/../lib/gcc/avr/4.3.3/../../../../avr/lib/avr5\libc.a(strcpy_P.o)
 .text          0x00006f0e        0x0 c:/winavr-20100110/bin/../lib/gcc/avr/4.3.3/../../../../avr/lib/avr5\libc.a(strncasecmp_P.o)
 .text          0x00006f0e        0x0 c:/winavr-20100110/bin/../lib/gcc/avr/4.3.3/../../../../avr/lib/avr5\libc.a(memmove.o)
 .text          0x00006f0e        0x0 c:/winavr-20100110/bin/../lib/gcc/avr/4.3.3/../../../../avr/lib/avr5\libc.a(strcasecmp.o)
 .text          0x00006f0e        0x0 c:/winavr-20100110/bin/../lib/gcc/avr/4.3.3/../../../../avr/lib/avr5\libc.a(strcasestr.o)
 .text          0x00006f0e        0x0 c:/winavr-20100110/bin/../lib/gcc/avr/4.3.3/../../../../avr/lib/avr5\libc.a(strcasestr_P.o)
 .text          0x00006f0e        0x0 c:/winavr-20100110/bin/../lib/gcc/avr/4.3.3/../../../../avr/lib/avr5\libc.a(strcat.o)
 .text          0x00006f0e        0x0 c:/winavr-20100110/bin/../lib/gcc/avr/4.3.3/../../../../avr/lib/avr5\libc.a(strcpy.o)
 .text          0x00006f0e        0x0 c:/winavr-20100110/bin/../lib/gcc/avr/4.3.3/../../../../avr/lib/avr5\libc.a(strnlen.o)
 .text          0x00006f0e        0x0 c:/winavr-20100110/bin/../lib/gcc/avr/4.3.3/../../../../avr/lib/avr5\libc.a(strsep.o)
 .text          0x00006f0e        0x0 c:/winavr-20100110/bin/../lib/gcc/avr/4.3.3/../../../../avr/lib/avr5\libc.a(itoa.o)
 .text          0x00006f0e        0x0 c:/winavr-20100110/bin/../lib/gcc/avr/4.3.3/../../../../avr/lib/avr5\libc.a(mul10.o)
 .text          0x00006f0e        0x0 c:/winavr-20100110/bin/../lib/gcc/avr/4.3.3/../../../../avr/lib/avr5\libc.a(sprintf.o)
 .text          0x00006f0e        0x0 c:/winavr-20100110/bin/../lib/gcc/avr/4.3.3/../../../../avr/lib/avr5\libc.a(vfprintf_std.o)
 .text          0x00006f0e        0x0 c:/winavr-20100110/bin/../lib/gcc/avr/4.3.3/../../../../avr/lib/avr5\libc.a(eerd_byte_atmega32.o)
 .text          0x00006f0e        0x0 c:/winavr-20100110/bin/../lib/gcc/avr/4.3.3/../../../../avr/lib/avr5\libc.a(eewr_byte_atmega32.o)
 .text          0x00006f0e        0x0 c:/winavr-20100110/bin/../lib/gcc/avr/4.3.3/../../../../avr/lib/avr5\libc.a(errno.o)
 .text          0x00006f0e        0x0 c:/winavr-20100110/bin/../lib/gcc/avr/4.3.3/../../../../avr/lib/avr5\libc.a(cty_isfalse.o)
 .text          0x00006f0e        0x0 c:/winavr-20100110/bin/../lib/gcc/avr/4.3.3/../../../../avr/lib/avr5\libc.a(strnlen_P.o)
 .text          0x00006f0e        0x0 c:/winavr-20100110/bin/../lib/gcc/avr/4.3.3/../../../../avr/lib/avr5\libc.a(memcpy.o)
 .text          0x00006f0e        0x0 c:/winavr-20100110/bin/../lib/gcc/avr/4.3.3/../../../../avr/lib/avr5\libc.a(strrev.o)
 .text          0x00006f0e        0x0 c:/winavr-20100110/bin/../lib/gcc/avr/4.3.3/../../../../avr/lib/avr5\libc.a(fputc.o)
 .text          0x00006f0e        0x0 c:/winavr-20100110/bin/../lib/gcc/avr/4.3.3/../../../../avr/lib/avr5\libc.a(ultoa_invert.o)
 .text          0x00006f0e        0x0 c:/winavr-20100110/bin/../lib/gcc/avr/4.3.3/avr5\libgcc.a(_mulsi3.o)
 .text          0x00006f0e        0x0 c:/winavr-20100110/bin/../lib/gcc/avr/4.3.3/avr5\libgcc.a(_prologue.o)
 .text          0x00006f0e        0x0 c:/winavr-20100110/bin/../lib/gcc/avr/4.3.3/avr5\libgcc.a(_epilogue.o)
                0x00006f0e                . = ALIGN (0x2)
 *(.text.*)
 .text.avr-libc.fplib
                0x00006f0e        0xa c:/winavr-20100110/bin/../lib/gcc/avr/4.3.3/../../../../avr/lib/avr5\libm.a(addsf3.o)
                0x00006f0e                __subsf3
                0x00006f10                __addsf3
 .text.avr-libc.fplib
                0x00006f18       0xc0 c:/winavr-20100110/bin/../lib/gcc/avr/4.3.3/../../../../avr/lib/avr5\libm.a(addsf3x.o)
                0x00006f32                __addsf3x
 .text.avr-libc.fplib
                0x00006fd8        0x8 c:/winavr-20100110/bin/../lib/gcc/avr/4.3.3/../../../../avr/lib/avr5\libm.a(cmpsf2.o)
                0x00006fd8                __lesf2
                0x00006fd8                __nesf2
                0x00006fd8                __eqsf2
                0x00006fd8                __cmpsf2
                0x00006fd8                __ltsf2
 .text.avr-libc.fplib
                0x00006fe0        0x4 c:/winavr-20100110/bin/../lib/gcc/avr/4.3.3/../../../../avr/lib/avr5\libm.a(divsf3.o)
                0x00006fe0                __divsf3
 .text.avr-libc.fplib
                0x00006fe4       0xcc c:/winavr-20100110/bin/../lib/gcc/avr/4.3.3/../../../../avr/lib/avr5\libm.a(divsf3x.o)
                0x00006ffa                __divsf3x
                0x00006ffe                __divsf3_pse
 .text.avr-libc.fplib
                0x000070b0       0x58 c:/winavr-20100110/bin/../lib/gcc/avr/4.3.3/../../../../avr/lib/avr5\libm.a(fixunssfsi.o)
                0x000070b0                __fixunssfsi
 .text.avr-libc.fplib
                0x00007108       0x7a c:/winavr-20100110/bin/../lib/gcc/avr/4.3.3/../../../../avr/lib/avr5\libm.a(floatsisf.o)
                0x0000710c                __floatsisf
                0x00007108                __floatunsisf
 .text.avr-libc.fplib
                0x00007182       0x48 c:/winavr-20100110/bin/../lib/gcc/avr/4.3.3/../../../../avr/lib/avr5\libm.a(fp_cmp.o)
                0x00007182                __fp_cmp
 .text.avr-libc.fplib
                0x000071ca        0xc c:/winavr-20100110/bin/../lib/gcc/avr/4.3.3/../../../../avr/lib/avr5\libm.a(fp_inf.o)
                0x000071ca                __fp_inf
 .text.avr-libc.fplib
                0x000071d6        0x6 c:/winavr-20100110/bin/../lib/gcc/avr/4.3.3/../../../../avr/lib/avr5\libm.a(fp_nan.o)
                0x000071d6                __fp_nan
 .text.avr-libc.fplib
                0x000071dc        0xe c:/winavr-20100110/bin/../lib/gcc/avr/4.3.3/../../../../avr/lib/avr5\libm.a(fp_pscA.o)
                0x000071dc                __fp_pscA
 .text.avr-libc.fplib
                0x000071ea        0xe c:/winavr-20100110/bin/../lib/gcc/avr/4.3.3/../../../../avr/lib/avr5\libm.a(fp_pscB.o)
                0x000071ea                __fp_pscB
 .text.avr-libc.fplib
                0x000071f8       0x22 c:/winavr-20100110/bin/../lib/gcc/avr/4.3.3/../../../../avr/lib/avr5\libm.a(fp_round.o)
                0x000071f8                __fp_round
 .text.avr-libc.fplib
                0x0000721a       0x44 c:/winavr-20100110/bin/../lib/gcc/avr/4.3.3/../../../../avr/lib/avr5\libm.a(fp_split3.o)
                0x0000721a                __fp_split3
                0x0000722a                __fp_splitA
 .text.avr-libc.fplib
                0x0000725e        0xe c:/winavr-20100110/bin/../lib/gcc/avr/4.3.3/../../../../avr/lib/avr5\libm.a(fp_zero.o)
                0x0000725e                __fp_zero
                0x00007260                __fp_szero
 .text.avr-libc.fplib
                0x0000726c        0x8 c:/winavr-20100110/bin/../lib/gcc/avr/4.3.3/../../../../avr/lib/avr5\libm.a(gesf2.o)
                0x0000726c                __gtsf2
                0x0000726c                __gesf2
 .text.avr-libc.fplib
                0x00007274        0x4 c:/winavr-20100110/bin/../lib/gcc/avr/4.3.3/../../../../avr/lib/avr5\libm.a(mulsf3.o)
                0x00007274                __mulsf3
 .text.avr-libc.fplib
                0x00007278       0xc2 c:/winavr-20100110/bin/../lib/gcc/avr/4.3.3/../../../../avr/lib/avr5\libm.a(mulsf3x.o)
                0x00007290                __mulsf3_pse
                0x0000728c                __mulsf3x
 .text.avr-libc.fplib
                0x0000733a       0x40 c:/winavr-20100110/bin/../lib/gcc/avr/4.3.3/../../../../avr/lib/avr5\libm.a(round.o)
                0x0000733a                round
 .text.avr-libc.fplib
                0x0000737a       0x36 c:/winavr-20100110/bin/../lib/gcc/avr/4.3.3/../../../../avr/lib/avr5\libm.a(fp_mintl.o)
                0x0000737a                __fp_mintl
 .text.avr-libc.fplib
                0x000073b0       0x1c c:/winavr-20100110/bin/../lib/gcc/avr/4.3.3/../../../../avr/lib/avr5\libm.a(fp_mpack.o)
                0x000073b4                __fp_mpack_finite
                0x000073b0                __fp_mpack
 .text.libgcc   0x000073cc       0x28 c:/winavr-20100110/bin/../lib/gcc/avr/4.3.3/avr5\libgcc.a(_udivmodhi4.o)
                0x000073cc                __udivmodhi4
 .text.libgcc   0x000073f4       0x44 c:/winavr-20100110/bin/../lib/gcc/avr/4.3.3/avr5\libgcc.a(_udivmodsi4.o)
                0x000073f4                __udivmodsi4
 .text.libgcc   0x00007438        0x0 c:/winavr-20100110/bin/../lib/gcc/avr/4.3.3/avr5\libgcc.a(_exit.o)
 .text.libgcc   0x00007438        0x0 c:/winavr-20100110/bin/../lib/gcc/avr/4.3.3/avr5\libgcc.a(_copy_data.o)
 .text.libgcc   0x00007438        0x0 c:/winavr-20100110/bin/../lib/gcc/avr/4.3.3/avr5\libgcc.a(_clear_bss.o)
 .text.avr-libc
                0x00007438      0x25e c:/winavr-20100110/bin/../lib/gcc/avr/4.3.3/../../../../avr/lib/avr5\libc.a(strtol.o)
                0x00007438                strtol
 .text.avr-libc
                0x00007696       0x3c c:/winavr-20100110/bin/../lib/gcc/avr/4.3.3/../../../../avr/lib/avr5\libc.a(atoi.o)
                0x00007696                atoi
 .text.avr-libc
                0x000076d2       0x10 c:/winavr-20100110/bin/../lib/gcc/avr/4.3.3/../../../../avr/lib/avr5\libc.a(isspace.o)
                0x000076d2                isspace
 .text.avr-libc
                0x000076e2       0x12 c:/winavr-20100110/bin/../lib/gcc/avr/4.3.3/../../../../avr/lib/avr5\libc.a(memcpy_P.o)
                0x000076e2                memcpy_P
 .text.avr-libc
                0x000076f4        0xe c:/winavr-20100110/bin/../lib/gcc/avr/4.3.3/../../../../avr/lib/avr5\libc.a(strcpy_P.o)
                0x000076f4                strcpy_P
 .text.avr-libc
                0x00007702       0x30 c:/winavr-20100110/bin/../lib/gcc/avr/4.3.3/../../../../avr/lib/avr5\libc.a(strncasecmp_P.o)
                0x00007702                strncasecmp_P
 .text.avr-libc
                0x00007732       0x24 c:/winavr-20100110/bin/../lib/gcc/avr/4.3.3/../../../../avr/lib/avr5\libc.a(memmove.o)
                0x00007732                memmove
 .text.avr-libc
                0x00007756       0x26 c:/winavr-20100110/bin/../lib/gcc/avr/4.3.3/../../../../avr/lib/avr5\libc.a(strcasecmp.o)
                0x00007756                strcasecmp
 .text.avr-libc
                0x0000777c       0x4a c:/winavr-20100110/bin/../lib/gcc/avr/4.3.3/../../../../avr/lib/avr5\libc.a(strcasestr.o)
                0x0000777c                strcasestr
 .text.avr-libc
                0x000077c6       0x4a c:/winavr-20100110/bin/../lib/gcc/avr/4.3.3/../../../../avr/lib/avr5\libc.a(strcasestr_P.o)
                0x000077c6                strcasestr_P
 .text.avr-libc
                0x00007810       0x16 c:/winavr-20100110/bin/../lib/gcc/avr/4.3.3/../../../../avr/lib/avr5\libc.a(strcat.o)
                0x00007810                strcat
 .text.avr-libc
                0x00007826        0xe c:/winavr-20100110/bin/../lib/gcc/avr/4.3.3/../../../../avr/lib/avr5\libc.a(strcpy.o)
                0x00007826                strcpy
 .text.avr-libc
                0x00007834       0x16 c:/winavr-20100110/bin/../lib/gcc/avr/4.3.3/../../../../avr/lib/avr5\libc.a(strnlen.o)
                0x00007834                strnlen
 .text.avr-libc
                0x0000784a       0x30 c:/winavr-20100110/bin/../lib/gcc/avr/4.3.3/../../../../avr/lib/avr5\libc.a(strsep.o)
                0x0000784a                strsep
 .text.avr-libc
                0x0000787a       0x42 c:/winavr-20100110/bin/../lib/gcc/avr/4.3.3/../../../../avr/lib/avr5\libc.a(itoa.o)
                0x0000787a                itoa
 .text.avr-libc
                0x000078bc       0x10 c:/winavr-20100110/bin/../lib/gcc/avr/4.3.3/../../../../avr/lib/avr5\libc.a(mul10.o)
                0x000078bc                __mulhi_const_10
 .text.avr-libc
                0x000078cc       0x48 c:/winavr-20100110/bin/../lib/gcc/avr/4.3.3/../../../../avr/lib/avr5\libc.a(sprintf.o)
                0x000078cc                sprintf
 .text.avr-libc
                0x00007914      0x3ba c:/winavr-20100110/bin/../lib/gcc/avr/4.3.3/../../../../avr/lib/avr5\libc.a(vfprintf_std.o)
                0x00007914                vfprintf
 .text.avr-libc
                0x00007cce       0x10 c:/winavr-20100110/bin/../lib/gcc/avr/4.3.3/../../../../avr/lib/avr5\libc.a(eerd_byte_atmega32.o)
                0x00007cce                __eerd_byte_m32
 .text.avr-libc
                0x00007cde       0x1a c:/winavr-20100110/bin/../lib/gcc/avr/4.3.3/../../../../avr/lib/avr5\libc.a(eewr_byte_atmega32.o)
                0x00007ce0                __eewr_r18_m32
                0x00007cde                __eewr_byte_m32
 .text.avr-libc
                0x00007cf8        0x6 c:/winavr-20100110/bin/../lib/gcc/avr/4.3.3/../../../../avr/lib/avr5\libc.a(cty_isfalse.o)
                0x00007cfc                __ctype_istrue
                0x00007cf8                __ctype_isfalse
 .text.avr-libc
                0x00007cfe       0x16 c:/winavr-20100110/bin/../lib/gcc/avr/4.3.3/../../../../avr/lib/avr5\libc.a(strnlen_P.o)
                0x00007cfe                strnlen_P
 .text.avr-libc
                0x00007d14       0x12 c:/winavr-20100110/bin/../lib/gcc/avr/4.3.3/../../../../avr/lib/avr5\libc.a(memcpy.o)
                0x00007d14                memcpy
 .text.avr-libc
                0x00007d26       0x20 c:/winavr-20100110/bin/../lib/gcc/avr/4.3.3/../../../../avr/lib/avr5\libc.a(strrev.o)
                0x00007d26                strrev
 .text.avr-libc
                0x00007d46       0x58 c:/winavr-20100110/bin/../lib/gcc/avr/4.3.3/../../../../avr/lib/avr5\libc.a(fputc.o)
                0x00007d46                fputc
 .text.avr-libc
                0x00007d9e       0xbc c:/winavr-20100110/bin/../lib/gcc/avr/4.3.3/../../../../avr/lib/avr5\libc.a(ultoa_invert.o)
                0x00007d9e                __ultoa_invert
 .text.libgcc   0x00007e5a       0x3e c:/winavr-20100110/bin/../lib/gcc/avr/4.3.3/avr5\libgcc.a(_mulsi3.o)
                0x00007e5a                __mulsi3
 .text.libgcc   0x00007e98       0x38 c:/winavr-20100110/bin/../lib/gcc/avr/4.3.3/avr5\libgcc.a(_prologue.o)
                0x00007e98                __prologue_saves__
 .text.libgcc   0x00007ed0       0x36 c:/winavr-20100110/bin/../lib/gcc/avr/4.3.3/avr5\libgcc.a(_epilogue.o)
                0x00007ed0                __epilogue_restores__
                0x00007f06                . = ALIGN (0x2)
 *(.fini9)
 .fini9         0x00007f06        0x0 c:/winavr-20100110/bin/../lib/gcc/avr/4.3.3/avr5\libgcc.a(_exit.o)
                0x00007f06                exit
                0x00007f06                _exit
 *(.fini9)
 *(.fini8)
 *(.fini8)
 *(.fini7)
 *(.fini7)
 *(.fini6)
 *(.fini6)
 *(.fini5)
 *(.fini5)
 *(.fini4)
 *(.fini4)
 *(.fini3)
 *(.fini3)
 *(.fini2)
 *(.fini2)
 *(.fini1)
 *(.fini1)
 *(.fini0)
 .fini0         0x00007f06        0x4 c:/winavr-20100110/bin/../lib/gcc/avr/4.3.3/avr5\libgcc.a(_exit.o)
 *(.fini0)
                0x00007f0a                _etext = .

.data           0x00800060      0x23a load address 0x00007f0a
                0x00800060                PROVIDE (__data_start, .)
 *(.data)
 .data          0x00800060        0x0 c:/winavr-20100110/bin/../lib/gcc/avr/4.3.3/../../../../avr/lib/avr5/crtm32.o
 .data          0x00800060       0xb6 main.o
                0x00800090                IRC_code_array
 .data          0x00800116        0x4 usart.o
                0x00800118                rx_buffer_pointer_out
                0x00800116                rx_buffer_pointer_in
 .data          0x0080011a       0x1a stack.o
                0x0080011a                bcast_ip
                0x00800124                UDP_discover_pkt
                0x0080011e                bcast_MAC
 .data          0x00800134        0x0 timer.o
 .data          0x00800134       0x92 cmd.o
                0x00800182                COMMAND_TABELLE
 .data          0x008001c6        0x0 base64.o
 .data          0x008001c6        0x0 networkcard/enc28j60.o
 .data          0x008001c6        0x0 networkcard/rtl8019.o
 .data          0x008001c6       0xd4 httpd.o
                0x00800281                var_array
                0x0080023f                WEBPAGE_TABLE
                0x0080025f                post_in
                0x00800269                dstr
                0x00800264                post_ready
                0x00800295                rx_header_end
 .data          0x0080029a        0x0 telnetd.o
 .data          0x0080029a        0x0 ntp.o
 .data          0x0080029a        0x0 lcd.o
 .data          0x0080029a        0x0 udp_lcd.o
 .data          0x0080029a        0x0 wol.o
 .data          0x0080029a        0x0 http_get.o
 .data          0x0080029a        0x0 analog.o
 .data          0x0080029a        0x0 sendmail.o
 .data          0x0080029a        0x0 camera/cam.o
 .data          0x0080029a        0x0 camera/servo.o
 .data          0x0080029a        0x0 dnsc.o
 .data          0x0080029a        0x0 dhcpc.o
 .data          0x0080029a        0x0 c:/winavr-20100110/bin/../lib/gcc/avr/4.3.3/../../../../avr/lib/avr5\libm.a(addsf3.o)
 .data          0x0080029a        0x0 c:/winavr-20100110/bin/../lib/gcc/avr/4.3.3/../../../../avr/lib/avr5\libm.a(addsf3x.o)
 .data          0x0080029a        0x0 c:/winavr-20100110/bin/../lib/gcc/avr/4.3.3/../../../../avr/lib/avr5\libm.a(cmpsf2.o)
 .data          0x0080029a        0x0 c:/winavr-20100110/bin/../lib/gcc/avr/4.3.3/../../../../avr/lib/avr5\libm.a(divsf3.o)
 .data          0x0080029a        0x0 c:/winavr-20100110/bin/../lib/gcc/avr/4.3.3/../../../../avr/lib/avr5\libm.a(divsf3x.o)
 .data          0x0080029a        0x0 c:/winavr-20100110/bin/../lib/gcc/avr/4.3.3/../../../../avr/lib/avr5\libm.a(fixunssfsi.o)
 .data          0x0080029a        0x0 c:/winavr-20100110/bin/../lib/gcc/avr/4.3.3/../../../../avr/lib/avr5\libm.a(floatsisf.o)
 .data          0x0080029a        0x0 c:/winavr-20100110/bin/../lib/gcc/avr/4.3.3/../../../../avr/lib/avr5\libm.a(fp_cmp.o)
 .data          0x0080029a        0x0 c:/winavr-20100110/bin/../lib/gcc/avr/4.3.3/../../../../avr/lib/avr5\libm.a(fp_inf.o)
 .data          0x0080029a        0x0 c:/winavr-20100110/bin/../lib/gcc/avr/4.3.3/../../../../avr/lib/avr5\libm.a(fp_nan.o)
 .data          0x0080029a        0x0 c:/winavr-20100110/bin/../lib/gcc/avr/4.3.3/../../../../avr/lib/avr5\libm.a(fp_pscA.o)
 .data          0x0080029a        0x0 c:/winavr-20100110/bin/../lib/gcc/avr/4.3.3/../../../../avr/lib/avr5\libm.a(fp_pscB.o)
 .data          0x0080029a        0x0 c:/winavr-20100110/bin/../lib/gcc/avr/4.3.3/../../../../avr/lib/avr5\libm.a(fp_round.o)
 .data          0x0080029a        0x0 c:/winavr-20100110/bin/../lib/gcc/avr/4.3.3/../../../../avr/lib/avr5\libm.a(fp_split3.o)
 .data          0x0080029a        0x0 c:/winavr-20100110/bin/../lib/gcc/avr/4.3.3/../../../../avr/lib/avr5\libm.a(fp_zero.o)
 .data          0x0080029a        0x0 c:/winavr-20100110/bin/../lib/gcc/avr/4.3.3/../../../../avr/lib/avr5\libm.a(gesf2.o)
 .data          0x0080029a        0x0 c:/winavr-20100110/bin/../lib/gcc/avr/4.3.3/../../../../avr/lib/avr5\libm.a(mulsf3.o)
 .data          0x0080029a        0x0 c:/winavr-20100110/bin/../lib/gcc/avr/4.3.3/../../../../avr/lib/avr5\libm.a(mulsf3x.o)
 .data          0x0080029a        0x0 c:/winavr-20100110/bin/../lib/gcc/avr/4.3.3/../../../../avr/lib/avr5\libm.a(round.o)
 .data          0x0080029a        0x0 c:/winavr-20100110/bin/../lib/gcc/avr/4.3.3/../../../../avr/lib/avr5\libm.a(fp_mintl.o)
 .data          0x0080029a        0x0 c:/winavr-20100110/bin/../lib/gcc/avr/4.3.3/../../../../avr/lib/avr5\libm.a(fp_mpack.o)
 .data          0x0080029a        0x0 c:/winavr-20100110/bin/../lib/gcc/avr/4.3.3/avr5\libgcc.a(_udivmodhi4.o)
 .data          0x0080029a        0x0 c:/winavr-20100110/bin/../lib/gcc/avr/4.3.3/avr5\libgcc.a(_udivmodsi4.o)
 .data          0x0080029a        0x0 c:/winavr-20100110/bin/../lib/gcc/avr/4.3.3/avr5\libgcc.a(_exit.o)
 .data          0x0080029a        0x0 c:/winavr-20100110/bin/../lib/gcc/avr/4.3.3/avr5\libgcc.a(_copy_data.o)
 .data          0x0080029a        0x0 c:/winavr-20100110/bin/../lib/gcc/avr/4.3.3/avr5\libgcc.a(_clear_bss.o)
 .data          0x0080029a        0x0 c:/winavr-20100110/bin/../lib/gcc/avr/4.3.3/../../../../avr/lib/avr5\libc.a(strtol.o)
 .data          0x0080029a        0x0 c:/winavr-20100110/bin/../lib/gcc/avr/4.3.3/../../../../avr/lib/avr5\libc.a(atoi.o)
 .data          0x0080029a        0x0 c:/winavr-20100110/bin/../lib/gcc/avr/4.3.3/../../../../avr/lib/avr5\libc.a(isspace.o)
 .data          0x0080029a        0x0 c:/winavr-20100110/bin/../lib/gcc/avr/4.3.3/../../../../avr/lib/avr5\libc.a(memcpy_P.o)
 .data          0x0080029a        0x0 c:/winavr-20100110/bin/../lib/gcc/avr/4.3.3/../../../../avr/lib/avr5\libc.a(strcpy_P.o)
 .data          0x0080029a        0x0 c:/winavr-20100110/bin/../lib/gcc/avr/4.3.3/../../../../avr/lib/avr5\libc.a(strncasecmp_P.o)
 .data          0x0080029a        0x0 c:/winavr-20100110/bin/../lib/gcc/avr/4.3.3/../../../../avr/lib/avr5\libc.a(memmove.o)
 .data          0x0080029a        0x0 c:/winavr-20100110/bin/../lib/gcc/avr/4.3.3/../../../../avr/lib/avr5\libc.a(strcasecmp.o)
 .data          0x0080029a        0x0 c:/winavr-20100110/bin/../lib/gcc/avr/4.3.3/../../../../avr/lib/avr5\libc.a(strcasestr.o)
 .data          0x0080029a        0x0 c:/winavr-20100110/bin/../lib/gcc/avr/4.3.3/../../../../avr/lib/avr5\libc.a(strcasestr_P.o)
 .data          0x0080029a        0x0 c:/winavr-20100110/bin/../lib/gcc/avr/4.3.3/../../../../avr/lib/avr5\libc.a(strcat.o)
 .data          0x0080029a        0x0 c:/winavr-20100110/bin/../lib/gcc/avr/4.3.3/../../../../avr/lib/avr5\libc.a(strcpy.o)
 .data          0x0080029a        0x0 c:/winavr-20100110/bin/../lib/gcc/avr/4.3.3/../../../../avr/lib/avr5\libc.a(strnlen.o)
 .data          0x0080029a        0x0 c:/winavr-20100110/bin/../lib/gcc/avr/4.3.3/../../../../avr/lib/avr5\libc.a(strsep.o)
 .data          0x0080029a        0x0 c:/winavr-20100110/bin/../lib/gcc/avr/4.3.3/../../../../avr/lib/avr5\libc.a(itoa.o)
 .data          0x0080029a        0x0 c:/winavr-20100110/bin/../lib/gcc/avr/4.3.3/../../../../avr/lib/avr5\libc.a(mul10.o)
 .data          0x0080029a        0x0 c:/winavr-20100110/bin/../lib/gcc/avr/4.3.3/../../../../avr/lib/avr5\libc.a(sprintf.o)
 .data          0x0080029a        0x0 c:/winavr-20100110/bin/../lib/gcc/avr/4.3.3/../../../../avr/lib/avr5\libc.a(vfprintf_std.o)
 .data          0x0080029a        0x0 c:/winavr-20100110/bin/../lib/gcc/avr/4.3.3/../../../../avr/lib/avr5\libc.a(eerd_byte_atmega32.o)
 .data          0x0080029a        0x0 c:/winavr-20100110/bin/../lib/gcc/avr/4.3.3/../../../../avr/lib/avr5\libc.a(eewr_byte_atmega32.o)
 .data          0x0080029a        0x0 c:/winavr-20100110/bin/../lib/gcc/avr/4.3.3/../../../../avr/lib/avr5\libc.a(errno.o)
 .data          0x0080029a        0x0 c:/winavr-20100110/bin/../lib/gcc/avr/4.3.3/../../../../avr/lib/avr5\libc.a(cty_isfalse.o)
 .data          0x0080029a        0x0 c:/winavr-20100110/bin/../lib/gcc/avr/4.3.3/../../../../avr/lib/avr5\libc.a(strnlen_P.o)
 .data          0x0080029a        0x0 c:/winavr-20100110/bin/../lib/gcc/avr/4.3.3/../../../../avr/lib/avr5\libc.a(memcpy.o)
 .data          0x0080029a        0x0 c:/winavr-20100110/bin/../lib/gcc/avr/4.3.3/../../../../avr/lib/avr5\libc.a(strrev.o)
 .data          0x0080029a        0x0 c:/winavr-20100110/bin/../lib/gcc/avr/4.3.3/../../../../avr/lib/avr5\libc.a(fputc.o)
 .data          0x0080029a        0x0 c:/winavr-20100110/bin/../lib/gcc/avr/4.3.3/../../../../avr/lib/avr5\libc.a(ultoa_invert.o)
 .data          0x0080029a        0x0 c:/winavr-20100110/bin/../lib/gcc/avr/4.3.3/avr5\libgcc.a(_mulsi3.o)
 .data          0x0080029a        0x0 c:/winavr-20100110/bin/../lib/gcc/avr/4.3.3/avr5\libgcc.a(_prologue.o)
 .data          0x0080029a        0x0 c:/winavr-20100110/bin/../lib/gcc/avr/4.3.3/avr5\libgcc.a(_epilogue.o)
 *(.data*)
 *(.rodata)
 *(.rodata*)
 *(.gnu.linkonce.d*)
                0x0080029a                . = ALIGN (0x2)
                0x0080029a                _edata = .
                0x0080029a                PROVIDE (__data_end, .)

.bss            0x0080029a      0x42d
                0x0080029a                PROVIDE (__bss_start, .)
 *(.bss)
 .bss           0x0080029a        0x0 c:/winavr-20100110/bin/../lib/gcc/avr/4.3.3/../../../../avr/lib/avr5/crtm32.o
 .bss           0x0080029a        0x0 main.o
 .bss           0x0080029a        0x2 usart.o
                0x0080029a                buffercounter
 .bss           0x0080029c       0x2a stack.o
                0x008002b0                UDP_PORT_TABLE
                0x0080029c                TCP_PORT_TABLE
                0x008002c4                IP_id_counter
 .bss           0x008002c6        0x4 timer.o
                0x008002c6                time_watchdog
 .bss           0x008002ca        0x0 cmd.o
 .bss           0x008002ca        0x0 base64.o
 .bss           0x008002ca        0x4 networkcard/enc28j60.o
                0x008002ca                enc_revid
 .bss           0x008002ce        0x0 networkcard/rtl8019.o
 .bss           0x008002ce        0x1 httpd.o
                0x008002ce                PORT_tmp
 .bss           0x008002cf        0x0 telnetd.o
 .bss           0x008002cf        0x0 ntp.o
 .bss           0x008002cf        0x0 lcd.o
 .bss           0x008002cf        0x0 udp_lcd.o
 .bss           0x008002cf        0x0 wol.o
 .bss           0x008002cf        0x2 http_get.o
                0x008002cf                http_get_state
 .bss           0x008002d1        0x0 analog.o
 .bss           0x008002d1        0x0 sendmail.o
 .bss           0x008002d1        0x0 camera/cam.o
 .bss           0x008002d1        0x0 camera/servo.o
 .bss           0x008002d1        0x0 dnsc.o
 .bss           0x008002d1        0x0 dhcpc.o
 .bss           0x008002d1        0x0 c:/winavr-20100110/bin/../lib/gcc/avr/4.3.3/../../../../avr/lib/avr5\libm.a(addsf3.o)
 .bss           0x008002d1        0x0 c:/winavr-20100110/bin/../lib/gcc/avr/4.3.3/../../../../avr/lib/avr5\libm.a(addsf3x.o)
 .bss           0x008002d1        0x0 c:/winavr-20100110/bin/../lib/gcc/avr/4.3.3/../../../../avr/lib/avr5\libm.a(cmpsf2.o)
 .bss           0x008002d1        0x0 c:/winavr-20100110/bin/../lib/gcc/avr/4.3.3/../../../../avr/lib/avr5\libm.a(divsf3.o)
 .bss           0x008002d1        0x0 c:/winavr-20100110/bin/../lib/gcc/avr/4.3.3/../../../../avr/lib/avr5\libm.a(divsf3x.o)
 .bss           0x008002d1        0x0 c:/winavr-20100110/bin/../lib/gcc/avr/4.3.3/../../../../avr/lib/avr5\libm.a(fixunssfsi.o)
 .bss           0x008002d1        0x0 c:/winavr-20100110/bin/../lib/gcc/avr/4.3.3/../../../../avr/lib/avr5\libm.a(floatsisf.o)
 .bss           0x008002d1        0x0 c:/winavr-20100110/bin/../lib/gcc/avr/4.3.3/../../../../avr/lib/avr5\libm.a(fp_cmp.o)
 .bss           0x008002d1        0x0 c:/winavr-20100110/bin/../lib/gcc/avr/4.3.3/../../../../avr/lib/avr5\libm.a(fp_inf.o)
 .bss           0x008002d1        0x0 c:/winavr-20100110/bin/../lib/gcc/avr/4.3.3/../../../../avr/lib/avr5\libm.a(fp_nan.o)
 .bss           0x008002d1        0x0 c:/winavr-20100110/bin/../lib/gcc/avr/4.3.3/../../../../avr/lib/avr5\libm.a(fp_pscA.o)
 .bss           0x008002d1        0x0 c:/winavr-20100110/bin/../lib/gcc/avr/4.3.3/../../../../avr/lib/avr5\libm.a(fp_pscB.o)
 .bss           0x008002d1        0x0 c:/winavr-20100110/bin/../lib/gcc/avr/4.3.3/../../../../avr/lib/avr5\libm.a(fp_round.o)
 .bss           0x008002d1        0x0 c:/winavr-20100110/bin/../lib/gcc/avr/4.3.3/../../../../avr/lib/avr5\libm.a(fp_split3.o)
 .bss           0x008002d1        0x0 c:/winavr-20100110/bin/../lib/gcc/avr/4.3.3/../../../../avr/lib/avr5\libm.a(fp_zero.o)
 .bss           0x008002d1        0x0 c:/winavr-20100110/bin/../lib/gcc/avr/4.3.3/../../../../avr/lib/avr5\libm.a(gesf2.o)
 .bss           0x008002d1        0x0 c:/winavr-20100110/bin/../lib/gcc/avr/4.3.3/../../../../avr/lib/avr5\libm.a(mulsf3.o)
 .bss           0x008002d1        0x0 c:/winavr-20100110/bin/../lib/gcc/avr/4.3.3/../../../../avr/lib/avr5\libm.a(mulsf3x.o)
 .bss           0x008002d1        0x0 c:/winavr-20100110/bin/../lib/gcc/avr/4.3.3/../../../../avr/lib/avr5\libm.a(round.o)
 .bss           0x008002d1        0x0 c:/winavr-20100110/bin/../lib/gcc/avr/4.3.3/../../../../avr/lib/avr5\libm.a(fp_mintl.o)
 .bss           0x008002d1        0x0 c:/winavr-20100110/bin/../lib/gcc/avr/4.3.3/../../../../avr/lib/avr5\libm.a(fp_mpack.o)
 .bss           0x008002d1        0x0 c:/winavr-20100110/bin/../lib/gcc/avr/4.3.3/avr5\libgcc.a(_udivmodhi4.o)
 .bss           0x008002d1        0x0 c:/winavr-20100110/bin/../lib/gcc/avr/4.3.3/avr5\libgcc.a(_udivmodsi4.o)
 .bss           0x008002d1        0x0 c:/winavr-20100110/bin/../lib/gcc/avr/4.3.3/avr5\libgcc.a(_exit.o)
 .bss           0x008002d1        0x0 c:/winavr-20100110/bin/../lib/gcc/avr/4.3.3/avr5\libgcc.a(_copy_data.o)
 .bss           0x008002d1        0x0 c:/winavr-20100110/bin/../lib/gcc/avr/4.3.3/avr5\libgcc.a(_clear_bss.o)
 .bss           0x008002d1        0x0 c:/winavr-20100110/bin/../lib/gcc/avr/4.3.3/../../../../avr/lib/avr5\libc.a(strtol.o)
 .bss           0x008002d1        0x0 c:/winavr-20100110/bin/../lib/gcc/avr/4.3.3/../../../../avr/lib/avr5\libc.a(atoi.o)
 .bss           0x008002d1        0x0 c:/winavr-20100110/bin/../lib/gcc/avr/4.3.3/../../../../avr/lib/avr5\libc.a(isspace.o)
 .bss           0x008002d1        0x0 c:/winavr-20100110/bin/../lib/gcc/avr/4.3.3/../../../../avr/lib/avr5\libc.a(memcpy_P.o)
 .bss           0x008002d1        0x0 c:/winavr-20100110/bin/../lib/gcc/avr/4.3.3/../../../../avr/lib/avr5\libc.a(strcpy_P.o)
 .bss           0x008002d1        0x0 c:/winavr-20100110/bin/../lib/gcc/avr/4.3.3/../../../../avr/lib/avr5\libc.a(strncasecmp_P.o)
 .bss           0x008002d1        0x0 c:/winavr-20100110/bin/../lib/gcc/avr/4.3.3/../../../../avr/lib/avr5\libc.a(memmove.o)
 .bss           0x008002d1        0x0 c:/winavr-20100110/bin/../lib/gcc/avr/4.3.3/../../../../avr/lib/avr5\libc.a(strcasecmp.o)
 .bss           0x008002d1        0x0 c:/winavr-20100110/bin/../lib/gcc/avr/4.3.3/../../../../avr/lib/avr5\libc.a(strcasestr.o)
 .bss           0x008002d1        0x0 c:/winavr-20100110/bin/../lib/gcc/avr/4.3.3/../../../../avr/lib/avr5\libc.a(strcasestr_P.o)
 .bss           0x008002d1        0x0 c:/winavr-20100110/bin/../lib/gcc/avr/4.3.3/../../../../avr/lib/avr5\libc.a(strcat.o)
 .bss           0x008002d1        0x0 c:/winavr-20100110/bin/../lib/gcc/avr/4.3.3/../../../../avr/lib/avr5\libc.a(strcpy.o)
 .bss           0x008002d1        0x0 c:/winavr-20100110/bin/../lib/gcc/avr/4.3.3/../../../../avr/lib/avr5\libc.a(strnlen.o)
 .bss           0x008002d1        0x0 c:/winavr-20100110/bin/../lib/gcc/avr/4.3.3/../../../../avr/lib/avr5\libc.a(strsep.o)
 .bss           0x008002d1        0x0 c:/winavr-20100110/bin/../lib/gcc/avr/4.3.3/../../../../avr/lib/avr5\libc.a(itoa.o)
 .bss           0x008002d1        0x0 c:/winavr-20100110/bin/../lib/gcc/avr/4.3.3/../../../../avr/lib/avr5\libc.a(mul10.o)
 .bss           0x008002d1        0x0 c:/winavr-20100110/bin/../lib/gcc/avr/4.3.3/../../../../avr/lib/avr5\libc.a(sprintf.o)
 .bss           0x008002d1        0x0 c:/winavr-20100110/bin/../lib/gcc/avr/4.3.3/../../../../avr/lib/avr5\libc.a(vfprintf_std.o)
 .bss           0x008002d1        0x0 c:/winavr-20100110/bin/../lib/gcc/avr/4.3.3/../../../../avr/lib/avr5\libc.a(eerd_byte_atmega32.o)
 .bss           0x008002d1        0x0 c:/winavr-20100110/bin/../lib/gcc/avr/4.3.3/../../../../avr/lib/avr5\libc.a(eewr_byte_atmega32.o)
 .bss           0x008002d1        0x0 c:/winavr-20100110/bin/../lib/gcc/avr/4.3.3/../../../../avr/lib/avr5\libc.a(errno.o)
 .bss           0x008002d1        0x0 c:/winavr-20100110/bin/../lib/gcc/avr/4.3.3/../../../../avr/lib/avr5\libc.a(cty_isfalse.o)
 .bss           0x008002d1        0x0 c:/winavr-20100110/bin/../lib/gcc/avr/4.3.3/../../../../avr/lib/avr5\libc.a(strnlen_P.o)
 .bss           0x008002d1        0x0 c:/winavr-20100110/bin/../lib/gcc/avr/4.3.3/../../../../avr/lib/avr5\libc.a(memcpy.o)
 .bss           0x008002d1        0x0 c:/winavr-20100110/bin/../lib/gcc/avr/4.3.3/../../../../avr/lib/avr5\libc.a(strrev.o)
 .bss           0x008002d1        0x0 c:/winavr-20100110/bin/../lib/gcc/avr/4.3.3/../../../../avr/lib/avr5\libc.a(fputc.o)
 .bss           0x008002d1        0x0 c:/winavr-20100110/bin/../lib/gcc/avr/4.3.3/../../../../avr/lib/avr5\libc.a(ultoa_invert.o)
 .bss           0x008002d1        0x0 c:/winavr-20100110/bin/../lib/gcc/avr/4.3.3/avr5\libgcc.a(_mulsi3.o)
 .bss           0x008002d1        0x0 c:/winavr-20100110/bin/../lib/gcc/avr/4.3.3/avr5\libgcc.a(_prologue.o)
 .bss           0x008002d1        0x0 c:/winavr-20100110/bin/../lib/gcc/avr/4.3.3/avr5\libgcc.a(_epilogue.o)
 *(.bss*)
 *(COMMON)
 COMMON         0x008002d1       0xfe main.o
                0x008002d1                arp_entry
                0x0080030d                retransmission_pointer
                0x0080030f                eth
                0x00800310                usart_status
                0x00800311                gp_timer
                0x00800312                tcp_entry
                0x00800396                telnetd_status
                0x00800397                stack_watchdog
                0x00800399                time
                0x0080039d                usart_rx_buffer
 COMMON         0x008003cf      0x277 stack.o
                0x008003cf                eth_buffer
                0x00800628                eth_MAC_dst
                0x0080062e                ping
                0x00800634                myip
                0x00800638                router_ip
                0x0080063c                netmask
                0x00800640                eth_IP_dst
                0x00800644                eth_buffer_size
 COMMON         0x00800646       0x14 cmd.o
                0x00800646                variable
 COMMON         0x0080065a        0xc networkcard/enc28j60.o
                0x0080065a                myLAN
                0x00800660                mymac
 COMMON         0x00800666       0x5f httpd.o
                0x00800666                http_auth_passwort
                0x00800684                http_entry
 COMMON         0x008006c5        0x2 c:/winavr-20100110/bin/../lib/gcc/avr/4.3.3/../../../../avr/lib/avr5\libc.a(errno.o)
                0x008006c5                errno
                0x008006c7                PROVIDE (__bss_end, .)
                0x00007f0a                __data_load_start = LOADADDR (.data)
                0x00008144                __data_load_end = (__data_load_start + SIZEOF (.data))

.noinit         0x008006c7        0x0
                0x008006c7                PROVIDE (__noinit_start, .)
 *(.noinit*)
                0x008006c7                PROVIDE (__noinit_end, .)
                0x008006c7                _end = .
                0x008006c7                PROVIDE (__heap_start, .)

.eeprom         0x00810000        0x0
 *(.eeprom*)
                0x00810000                __eeprom_end = .

.fuse
 *(.fuse)
 *(.lfuse)
 *(.hfuse)
 *(.efuse)

.lock
 *(.lock*)

.signature
 *(.signature*)

.stab
 *(.stab)

.stabstr
 *(.stabstr)

.stab.excl
 *(.stab.excl)

.stab.exclstr
 *(.stab.exclstr)

.stab.index
 *(.stab.index)

.stab.indexstr
 *(.stab.indexstr)

.comment
 *(.comment)

.debug
 *(.debug)

.line
 *(.line)

.debug_srcinfo
 *(.debug_srcinfo)

.debug_sfnames
 *(.debug_sfnames)

.debug_aranges  0x00000000      0x160
 *(.debug_aranges)
 .debug_aranges
                0x00000000       0x20 main.o
 .debug_aranges
                0x00000020       0x20 usart.o
 .debug_aranges
                0x00000040       0x20 stack.o
 .debug_aranges
                0x00000060       0x20 timer.o
 .debug_aranges
                0x00000080       0x20 cmd.o
 .debug_aranges
                0x000000a0       0x20 base64.o
 .debug_aranges
                0x000000c0       0x20 networkcard/enc28j60.o
 .debug_aranges
                0x000000e0       0x20 httpd.o
 .debug_aranges
                0x00000100       0x20 telnetd.o
 .debug_aranges
                0x00000120       0x20 udp_lcd.o
 .debug_aranges
                0x00000140       0x20 http_get.o

.debug_pubnames
                0x00000000     0x1726
 *(.debug_pubnames)
 .debug_pubnames
                0x00000000      0x190 main.o
 .debug_pubnames
                0x00000190      0x14e usart.o
 .debug_pubnames
                0x000002de      0x42f stack.o
 .debug_pubnames
                0x0000070d      0x11f timer.o
 .debug_pubnames
                0x0000082c      0x288 cmd.o
 .debug_pubnames
                0x00000ab4       0x9d base64.o
 .debug_pubnames
                0x00000b51       0xd6 networkcard/enc28j60.o
 .debug_pubnames
                0x00000c27       0x7c networkcard/rtl8019.o
 .debug_pubnames
                0x00000ca3      0x297 httpd.o
 .debug_pubnames
                0x00000f3a      0x127 telnetd.o
 .debug_pubnames
                0x00001061       0xef ntp.o
 .debug_pubnames
                0x00001150      0x110 udp_lcd.o
 .debug_pubnames
                0x00001260       0xc6 wol.o
 .debug_pubnames
                0x00001326      0x133 http_get.o
 .debug_pubnames
                0x00001459       0xef sendmail.o
 .debug_pubnames
                0x00001548       0xef dnsc.o
 .debug_pubnames
                0x00001637       0xef dhcpc.o

.debug_info     0x00000000     0x72fd
 *(.debug_info)
 .debug_info    0x00000000      0xfb3 main.o
 .debug_info    0x00000fb3      0x5bf usart.o
 .debug_info    0x00001572     0x16a0 stack.o
 .debug_info    0x00002c12      0x3af timer.o
 .debug_info    0x00002fc1      0xb61 cmd.o
 .debug_info    0x00003b22      0x1dd base64.o
 .debug_info    0x00003cff      0x9a9 networkcard/enc28j60.o
 .debug_info    0x000046a8      0x11e networkcard/rtl8019.o
 .debug_info    0x000047c6      0xae1 httpd.o
 .debug_info    0x000052a7      0x45c telnetd.o
 .debug_info    0x00005703      0x378 ntp.o
 .debug_info    0x00005a7b       0x61 lcd.o
 .debug_info    0x00005adc      0x3f8 udp_lcd.o
 .debug_info    0x00005ed4      0x342 wol.o
 .debug_info    0x00006216      0x55b http_get.o
 .debug_info    0x00006771       0x68 analog.o
 .debug_info    0x000067d9      0x378 sendmail.o
 .debug_info    0x00006b51       0x5e camera/cam.o
 .debug_info    0x00006baf       0x5e camera/servo.o
 .debug_info    0x00006c0d      0x378 dnsc.o
 .debug_info    0x00006f85      0x378 dhcpc.o
 *(.gnu.linkonce.wi.*)

.debug_abbrev   0x00000000     0x1a18
 *(.debug_abbrev)
 .debug_abbrev  0x00000000      0x25d main.o
 .debug_abbrev  0x0000025d      0x19e usart.o
 .debug_abbrev  0x000003fb      0x360 stack.o
 .debug_abbrev  0x0000075b       0xf8 timer.o
 .debug_abbrev  0x00000853      0x20f cmd.o
 .debug_abbrev  0x00000a62       0xe7 base64.o
 .debug_abbrev  0x00000b49      0x2de networkcard/enc28j60.o
 .debug_abbrev  0x00000e27       0x88 networkcard/rtl8019.o
 .debug_abbrev  0x00000eaf      0x1fa httpd.o
 .debug_abbrev  0x000010a9      0x180 telnetd.o
 .debug_abbrev  0x00001229       0xe3 ntp.o
 .debug_abbrev  0x0000130c       0x33 lcd.o
 .debug_abbrev  0x0000133f      0x14e udp_lcd.o
 .debug_abbrev  0x0000148d       0xe3 wol.o
 .debug_abbrev  0x00001570      0x178 http_get.o
 .debug_abbrev  0x000016e8       0x33 analog.o
 .debug_abbrev  0x0000171b       0xe3 sendmail.o
 .debug_abbrev  0x000017fe       0x2a camera/cam.o
 .debug_abbrev  0x00001828       0x2a camera/servo.o
 .debug_abbrev  0x00001852       0xe3 dnsc.o
 .debug_abbrev  0x00001935       0xe3 dhcpc.o

.debug_line     0x00000000     0x37f9
 *(.debug_line)
 .debug_line    0x00000000      0x800 main.o
 .debug_line    0x00000800      0x316 usart.o
 .debug_line    0x00000b16     0x11cb stack.o
 .debug_line    0x00001ce1       0xca timer.o
 .debug_line    0x00001dab      0x52b cmd.o
 .debug_line    0x000022d6      0x140 base64.o
 .debug_line    0x00002416      0x62c networkcard/enc28j60.o
 .debug_line    0x00002a42       0x49 networkcard/rtl8019.o
 .debug_line    0x00002a8b      0x680 httpd.o
 .debug_line    0x0000310b      0x208 telnetd.o
 .debug_line    0x00003313       0x5f ntp.o
 .debug_line    0x00003372       0x3e lcd.o
 .debug_line    0x000033b0       0x9e udp_lcd.o
 .debug_line    0x0000344e       0x54 wol.o
 .debug_line    0x000034a2      0x180 http_get.o
 .debug_line    0x00003622       0x3e analog.o
 .debug_line    0x00003660       0x5f sendmail.o
 .debug_line    0x000036bf       0x3e camera/cam.o
 .debug_line    0x000036fd       0x3e camera/servo.o
 .debug_line    0x0000373b       0x5f dnsc.o
 .debug_line    0x0000379a       0x5f dhcpc.o

.debug_frame    0x00000000      0x630
 *(.debug_frame)
 .debug_frame   0x00000000       0x80 main.o
 .debug_frame   0x00000080       0x60 usart.o
 .debug_frame   0x000000e0      0x220 stack.o
 .debug_frame   0x00000300       0x30 timer.o
 .debug_frame   0x00000330      0x150 cmd.o
 .debug_frame   0x00000480       0x20 base64.o
 .debug_frame   0x000004a0       0x90 networkcard/enc28j60.o
 .debug_frame   0x00000530       0x60 httpd.o
 .debug_frame   0x00000590       0x40 telnetd.o
 .debug_frame   0x000005d0       0x30 udp_lcd.o
 .debug_frame   0x00000600       0x30 http_get.o

.debug_str      0x00000000      0xff8
 *(.debug_str)
 .debug_str     0x00000000      0x3c2 main.o
                                0x423 (size before relaxing)
 .debug_str     0x000003c2       0xe4 usart.o
                                0x32c (size before relaxing)
 .debug_str     0x000004a6      0x510 stack.o
                                0x810 (size before relaxing)
 .debug_str     0x000009b6       0x2c timer.o
                                0x244 (size before relaxing)
 .debug_str     0x000009e2      0x1af cmd.o
                                0x463 (size before relaxing)
 .debug_str     0x00000b91       0x41 base64.o
                                0x174 (size before relaxing)
 .debug_str     0x00000bd2      0x120 networkcard/enc28j60.o
                                0x287 (size before relaxing)
 .debug_str     0x00000cf2       0x16 networkcard/rtl8019.o
                                0x126 (size before relaxing)
 .debug_str     0x00000d08      0x200 httpd.o
                                0x46d (size before relaxing)
 .debug_str     0x00000f08       0x31 telnetd.o
                                0x277 (size before relaxing)
 .debug_str     0x00000f39        0x6 ntp.o
                                0x21e (size before relaxing)
 .debug_str     0x00000000        0x6 lcd.o
                                 0x94 (size before relaxing)
 .debug_str     0x00000f3f       0x23 udp_lcd.o
                                0x24c (size before relaxing)
 .debug_str     0x00000f62        0x6 wol.o
                                0x206 (size before relaxing)
 .debug_str     0x00000f68       0x51 http_get.o
                                0x28b (size before relaxing)
 .debug_str     0x00000fb9        0x9 analog.o
                                 0x9c (size before relaxing)
 .debug_str     0x00000fc2        0xb sendmail.o
                                0x223 (size before relaxing)
 .debug_str     0x00000fcd        0xd camera/cam.o
                                 0x9b (size before relaxing)
 .debug_str     0x00000fda        0xf camera/servo.o
                                 0x9d (size before relaxing)
 .debug_str     0x00000fe9        0x7 dnsc.o
                                0x21f (size before relaxing)
 .debug_str     0x00000ff0        0x8 dhcpc.o
                                0x220 (size before relaxing)

.debug_loc      0x00000000     0x20e6
 *(.debug_loc)
 .debug_loc     0x00000000      0x48d main.o
 .debug_loc     0x0000048d      0x41d usart.o
 .debug_loc     0x000008aa      0xf12 stack.o
 .debug_loc     0x000017bc      0x115 cmd.o
 .debug_loc     0x000018d1       0xda base64.o
 .debug_loc     0x000019ab      0x3ac networkcard/enc28j60.o
 .debug_loc     0x00001d57      0x21d httpd.o
 .debug_loc     0x00001f74       0x61 telnetd.o
 .debug_loc     0x00001fd5       0x13 udp_lcd.o
 .debug_loc     0x00001fe8       0xfe http_get.o

.debug_macinfo
 *(.debug_macinfo)
OUTPUT(Hexfiles/Webserver_MEGA32.elf elf32-avr)
LOAD linker stubs

.debug_ranges   0x00000000      0x150
 .debug_ranges  0x00000000       0x78 main.o
 .debug_ranges  0x00000078       0x30 usart.o
 .debug_ranges  0x000000a8       0x78 stack.o
 .debug_ranges  0x00000120       0x30 httpd.o

Cross Reference Table

Symbol                                            File
BASE64CODE                                        base64.o
COMMAND_TABELLE                                   cmd.o
IP_id_counter                                     stack.o
IRC_code_array                                    main.o
IRC_options                                       main.o
InitLcd                                           main.o
LCD_test                                          main.o
LcdWriteCom                                       main.o
LcdWriteData                                      main.o
PORT_tmp                                          httpd.o
Page0                                             httpd.o
Page1                                             httpd.o
Page2                                             httpd.o
Page3                                             httpd.o
TCP_PORT_TABLE                                    stack.o
                                                  dhcpc.o
                                                  dnsc.o
                                                  sendmail.o
                                                  http_get.o
                                                  wol.o
                                                  udp_lcd.o
                                                  ntp.o
                                                  telnetd.o
                                                  httpd.o
                                                  cmd.o
                                                  timer.o
                                                  usart.o
                                                  main.o
UDP_PORT_TABLE                                    stack.o
                                                  dhcpc.o
                                                  dnsc.o
                                                  sendmail.o
                                                  http_get.o
                                                  wol.o
                                                  udp_lcd.o
                                                  ntp.o
                                                  telnetd.o
                                                  httpd.o
                                                  cmd.o
                                                  timer.o
                                                  usart.o
                                                  main.o
UDP_discover_pkt                                  stack.o
                                                  cmd.o
                                                  main.o
WEATHER_GET_STRING                                http_get.o
WEBPAGE_TABLE                                     httpd.o
__addsf3                                          c:/winavr-20100110/bin/../lib/gcc/avr/4.3.3/../../../../avr/lib/avr5\libm.a(addsf3.o)
__addsf3x                                         c:/winavr-20100110/bin/../lib/gcc/avr/4.3.3/../../../../avr/lib/avr5\libm.a(addsf3x.o)
                                                  c:/winavr-20100110/bin/../lib/gcc/avr/4.3.3/../../../../avr/lib/avr5\libm.a(addsf3.o)
__bad_interrupt                                   c:/winavr-20100110/bin/../lib/gcc/avr/4.3.3/../../../../avr/lib/avr5/crtm32.o
__bss_end                                         c:/winavr-20100110/bin/../lib/gcc/avr/4.3.3/avr5\libgcc.a(_clear_bss.o)
__bss_start                                       c:/winavr-20100110/bin/../lib/gcc/avr/4.3.3/avr5\libgcc.a(_clear_bss.o)
__cmpsf2                                          c:/winavr-20100110/bin/../lib/gcc/avr/4.3.3/../../../../avr/lib/avr5\libm.a(cmpsf2.o)
__ctype_isfalse                                   c:/winavr-20100110/bin/../lib/gcc/avr/4.3.3/../../../../avr/lib/avr5\libc.a(cty_isfalse.o)
                                                  c:/winavr-20100110/bin/../lib/gcc/avr/4.3.3/../../../../avr/lib/avr5\libc.a(isspace.o)
__ctype_istrue                                    c:/winavr-20100110/bin/../lib/gcc/avr/4.3.3/../../../../avr/lib/avr5\libc.a(cty_isfalse.o)
__data_end                                        c:/winavr-20100110/bin/../lib/gcc/avr/4.3.3/avr5\libgcc.a(_copy_data.o)
__data_load_start                                 c:/winavr-20100110/bin/../lib/gcc/avr/4.3.3/avr5\libgcc.a(_copy_data.o)
__data_start                                      c:/winavr-20100110/bin/../lib/gcc/avr/4.3.3/avr5\libgcc.a(_copy_data.o)
__divsf3                                          c:/winavr-20100110/bin/../lib/gcc/avr/4.3.3/../../../../avr/lib/avr5\libm.a(divsf3.o)
                                                  usart.o
                                                  main.o
__divsf3_pse                                      c:/winavr-20100110/bin/../lib/gcc/avr/4.3.3/../../../../avr/lib/avr5\libm.a(divsf3x.o)
__divsf3x                                         c:/winavr-20100110/bin/../lib/gcc/avr/4.3.3/../../../../avr/lib/avr5\libm.a(divsf3x.o)
                                                  c:/winavr-20100110/bin/../lib/gcc/avr/4.3.3/../../../../avr/lib/avr5\libm.a(divsf3.o)
__do_clear_bss                                    c:/winavr-20100110/bin/../lib/gcc/avr/4.3.3/avr5\libgcc.a(_clear_bss.o)
                                                  c:/winavr-20100110/bin/../lib/gcc/avr/4.3.3/../../../../avr/lib/avr5\libc.a(errno.o)
                                                  dhcpc.o
                                                  dnsc.o
                                                  sendmail.o
                                                  http_get.o
                                                  wol.o
                                                  udp_lcd.o
                                                  ntp.o
                                                  telnetd.o
                                                  httpd.o
                                                  networkcard/rtl8019.o
                                                  networkcard/enc28j60.o
                                                  base64.o
                                                  cmd.o
                                                  timer.o
                                                  stack.o
                                                  usart.o
                                                  main.o
__do_copy_data                                    c:/winavr-20100110/bin/../lib/gcc/avr/4.3.3/avr5\libgcc.a(_copy_data.o)
                                                  httpd.o
                                                  cmd.o
                                                  stack.o
                                                  usart.o
                                                  main.o
__eerd_byte_m32                                   c:/winavr-20100110/bin/../lib/gcc/avr/4.3.3/../../../../avr/lib/avr5\libc.a(eerd_byte_atmega32.o)
                                                  stack.o
__eewr_byte_m32                                   c:/winavr-20100110/bin/../lib/gcc/avr/4.3.3/../../../../avr/lib/avr5\libc.a(eewr_byte_atmega32.o)
                                                  cmd.o
__eewr_r18_m32                                    c:/winavr-20100110/bin/../lib/gcc/avr/4.3.3/../../../../avr/lib/avr5\libc.a(eewr_byte_atmega32.o)
__epilogue_restores__                             c:/winavr-20100110/bin/../lib/gcc/avr/4.3.3/avr5\libgcc.a(_epilogue.o)
                                                  c:/winavr-20100110/bin/../lib/gcc/avr/4.3.3/../../../../avr/lib/avr5\libc.a(vfprintf_std.o)
                                                  c:/winavr-20100110/bin/../lib/gcc/avr/4.3.3/../../../../avr/lib/avr5\libc.a(sprintf.o)
__eqsf2                                           c:/winavr-20100110/bin/../lib/gcc/avr/4.3.3/../../../../avr/lib/avr5\libm.a(cmpsf2.o)
__fixunssfsi                                      c:/winavr-20100110/bin/../lib/gcc/avr/4.3.3/../../../../avr/lib/avr5\libm.a(fixunssfsi.o)
                                                  usart.o
                                                  main.o
__floatsisf                                       c:/winavr-20100110/bin/../lib/gcc/avr/4.3.3/../../../../avr/lib/avr5\libm.a(floatsisf.o)
__floatunsisf                                     c:/winavr-20100110/bin/../lib/gcc/avr/4.3.3/../../../../avr/lib/avr5\libm.a(floatsisf.o)
                                                  usart.o
                                                  main.o
__fp_cmp                                          c:/winavr-20100110/bin/../lib/gcc/avr/4.3.3/../../../../avr/lib/avr5\libm.a(fp_cmp.o)
                                                  c:/winavr-20100110/bin/../lib/gcc/avr/4.3.3/../../../../avr/lib/avr5\libm.a(gesf2.o)
                                                  c:/winavr-20100110/bin/../lib/gcc/avr/4.3.3/../../../../avr/lib/avr5\libm.a(cmpsf2.o)
__fp_inf                                          c:/winavr-20100110/bin/../lib/gcc/avr/4.3.3/../../../../avr/lib/avr5\libm.a(fp_inf.o)
                                                  c:/winavr-20100110/bin/../lib/gcc/avr/4.3.3/../../../../avr/lib/avr5\libm.a(mulsf3x.o)
                                                  c:/winavr-20100110/bin/../lib/gcc/avr/4.3.3/../../../../avr/lib/avr5\libm.a(divsf3x.o)
                                                  c:/winavr-20100110/bin/../lib/gcc/avr/4.3.3/../../../../avr/lib/avr5\libm.a(addsf3x.o)
__fp_mintl                                        c:/winavr-20100110/bin/../lib/gcc/avr/4.3.3/../../../../avr/lib/avr5\libm.a(fp_mintl.o)
                                                  c:/winavr-20100110/bin/../lib/gcc/avr/4.3.3/../../../../avr/lib/avr5\libm.a(round.o)
__fp_mpack                                        c:/winavr-20100110/bin/../lib/gcc/avr/4.3.3/../../../../avr/lib/avr5\libm.a(fp_mpack.o)
                                                  c:/winavr-20100110/bin/../lib/gcc/avr/4.3.3/../../../../avr/lib/avr5\libm.a(round.o)
__fp_mpack_finite                                 c:/winavr-20100110/bin/../lib/gcc/avr/4.3.3/../../../../avr/lib/avr5\libm.a(fp_mpack.o)
__fp_nan                                          c:/winavr-20100110/bin/../lib/gcc/avr/4.3.3/../../../../avr/lib/avr5\libm.a(fp_nan.o)
                                                  c:/winavr-20100110/bin/../lib/gcc/avr/4.3.3/../../../../avr/lib/avr5\libm.a(mulsf3x.o)
                                                  c:/winavr-20100110/bin/../lib/gcc/avr/4.3.3/../../../../avr/lib/avr5\libm.a(divsf3x.o)
                                                  c:/winavr-20100110/bin/../lib/gcc/avr/4.3.3/../../../../avr/lib/avr5\libm.a(addsf3x.o)
__fp_pscA                                         c:/winavr-20100110/bin/../lib/gcc/avr/4.3.3/../../../../avr/lib/avr5\libm.a(fp_pscA.o)
                                                  c:/winavr-20100110/bin/../lib/gcc/avr/4.3.3/../../../../avr/lib/avr5\libm.a(mulsf3x.o)
                                                  c:/winavr-20100110/bin/../lib/gcc/avr/4.3.3/../../../../avr/lib/avr5\libm.a(divsf3x.o)
                                                  c:/winavr-20100110/bin/../lib/gcc/avr/4.3.3/../../../../avr/lib/avr5\libm.a(addsf3x.o)
__fp_pscB                                         c:/winavr-20100110/bin/../lib/gcc/avr/4.3.3/../../../../avr/lib/avr5\libm.a(fp_pscB.o)
                                                  c:/winavr-20100110/bin/../lib/gcc/avr/4.3.3/../../../../avr/lib/avr5\libm.a(mulsf3x.o)
                                                  c:/winavr-20100110/bin/../lib/gcc/avr/4.3.3/../../../../avr/lib/avr5\libm.a(divsf3x.o)
                                                  c:/winavr-20100110/bin/../lib/gcc/avr/4.3.3/../../../../avr/lib/avr5\libm.a(addsf3x.o)
__fp_round                                        c:/winavr-20100110/bin/../lib/gcc/avr/4.3.3/../../../../avr/lib/avr5\libm.a(fp_round.o)
                                                  c:/winavr-20100110/bin/../lib/gcc/avr/4.3.3/../../../../avr/lib/avr5\libm.a(mulsf3.o)
                                                  c:/winavr-20100110/bin/../lib/gcc/avr/4.3.3/../../../../avr/lib/avr5\libm.a(divsf3.o)
                                                  c:/winavr-20100110/bin/../lib/gcc/avr/4.3.3/../../../../avr/lib/avr5\libm.a(addsf3.o)
__fp_split3                                       c:/winavr-20100110/bin/../lib/gcc/avr/4.3.3/../../../../avr/lib/avr5\libm.a(fp_split3.o)
                                                  c:/winavr-20100110/bin/../lib/gcc/avr/4.3.3/../../../../avr/lib/avr5\libm.a(mulsf3x.o)
                                                  c:/winavr-20100110/bin/../lib/gcc/avr/4.3.3/../../../../avr/lib/avr5\libm.a(divsf3x.o)
                                                  c:/winavr-20100110/bin/../lib/gcc/avr/4.3.3/../../../../avr/lib/avr5\libm.a(addsf3x.o)
__fp_splitA                                       c:/winavr-20100110/bin/../lib/gcc/avr/4.3.3/../../../../avr/lib/avr5\libm.a(fp_split3.o)
                                                  c:/winavr-20100110/bin/../lib/gcc/avr/4.3.3/../../../../avr/lib/avr5\libm.a(round.o)
                                                  c:/winavr-20100110/bin/../lib/gcc/avr/4.3.3/../../../../avr/lib/avr5\libm.a(fixunssfsi.o)
__fp_szero                                        c:/winavr-20100110/bin/../lib/gcc/avr/4.3.3/../../../../avr/lib/avr5\libm.a(fp_zero.o)
                                                  c:/winavr-20100110/bin/../lib/gcc/avr/4.3.3/../../../../avr/lib/avr5\libm.a(round.o)
                                                  c:/winavr-20100110/bin/../lib/gcc/avr/4.3.3/../../../../avr/lib/avr5\libm.a(mulsf3x.o)
                                                  c:/winavr-20100110/bin/../lib/gcc/avr/4.3.3/../../../../avr/lib/avr5\libm.a(divsf3x.o)
__fp_zero                                         c:/winavr-20100110/bin/../lib/gcc/avr/4.3.3/../../../../avr/lib/avr5\libm.a(fp_zero.o)
                                                  c:/winavr-20100110/bin/../lib/gcc/avr/4.3.3/../../../../avr/lib/avr5\libm.a(fixunssfsi.o)
                                                  c:/winavr-20100110/bin/../lib/gcc/avr/4.3.3/../../../../avr/lib/avr5\libm.a(addsf3x.o)
__gesf2                                           c:/winavr-20100110/bin/../lib/gcc/avr/4.3.3/../../../../avr/lib/avr5\libm.a(gesf2.o)
__gtsf2                                           c:/winavr-20100110/bin/../lib/gcc/avr/4.3.3/../../../../avr/lib/avr5\libm.a(gesf2.o)
                                                  main.o
__heap_end                                        c:/winavr-20100110/bin/../lib/gcc/avr/4.3.3/../../../../avr/lib/avr5/crtm32.o
__init                                            c:/winavr-20100110/bin/../lib/gcc/avr/4.3.3/../../../../avr/lib/avr5/crtm32.o
__lesf2                                           c:/winavr-20100110/bin/../lib/gcc/avr/4.3.3/../../../../avr/lib/avr5\libm.a(cmpsf2.o)
__ltsf2                                           c:/winavr-20100110/bin/../lib/gcc/avr/4.3.3/../../../../avr/lib/avr5\libm.a(cmpsf2.o)
                                                  main.o
__mulhi_const_10                                  c:/winavr-20100110/bin/../lib/gcc/avr/4.3.3/../../../../avr/lib/avr5\libc.a(mul10.o)
                                                  c:/winavr-20100110/bin/../lib/gcc/avr/4.3.3/../../../../avr/lib/avr5\libc.a(atoi.o)
__mulsf3                                          c:/winavr-20100110/bin/../lib/gcc/avr/4.3.3/../../../../avr/lib/avr5\libm.a(mulsf3.o)
                                                  usart.o
                                                  main.o
__mulsf3_pse                                      c:/winavr-20100110/bin/../lib/gcc/avr/4.3.3/../../../../avr/lib/avr5\libm.a(mulsf3x.o)
__mulsf3x                                         c:/winavr-20100110/bin/../lib/gcc/avr/4.3.3/../../../../avr/lib/avr5\libm.a(mulsf3x.o)
                                                  c:/winavr-20100110/bin/../lib/gcc/avr/4.3.3/../../../../avr/lib/avr5\libm.a(mulsf3.o)
__mulsi3                                          c:/winavr-20100110/bin/../lib/gcc/avr/4.3.3/avr5\libgcc.a(_mulsi3.o)
                                                  c:/winavr-20100110/bin/../lib/gcc/avr/4.3.3/../../../../avr/lib/avr5\libc.a(strtol.o)
__nesf2                                           c:/winavr-20100110/bin/../lib/gcc/avr/4.3.3/../../../../avr/lib/avr5\libm.a(cmpsf2.o)
__prologue_saves__                                c:/winavr-20100110/bin/../lib/gcc/avr/4.3.3/avr5\libgcc.a(_prologue.o)
                                                  c:/winavr-20100110/bin/../lib/gcc/avr/4.3.3/../../../../avr/lib/avr5\libc.a(vfprintf_std.o)
                                                  c:/winavr-20100110/bin/../lib/gcc/avr/4.3.3/../../../../avr/lib/avr5\libc.a(sprintf.o)
__stack                                           c:/winavr-20100110/bin/../lib/gcc/avr/4.3.3/../../../../avr/lib/avr5/crtm32.o
__subsf3                                          c:/winavr-20100110/bin/../lib/gcc/avr/4.3.3/../../../../avr/lib/avr5\libm.a(addsf3.o)
                                                  usart.o
__udivmodhi4                                      c:/winavr-20100110/bin/../lib/gcc/avr/4.3.3/avr5\libgcc.a(_udivmodhi4.o)
                                                  c:/winavr-20100110/bin/../lib/gcc/avr/4.3.3/../../../../avr/lib/avr5\libc.a(itoa.o)
                                                  main.o
__udivmodsi4                                      c:/winavr-20100110/bin/../lib/gcc/avr/4.3.3/avr5\libgcc.a(_udivmodsi4.o)
                                                  c:/winavr-20100110/bin/../lib/gcc/avr/4.3.3/../../../../avr/lib/avr5\libc.a(strtol.o)
                                                  cmd.o
__ultoa_invert                                    c:/winavr-20100110/bin/../lib/gcc/avr/4.3.3/../../../../avr/lib/avr5\libc.a(ultoa_invert.o)
                                                  c:/winavr-20100110/bin/../lib/gcc/avr/4.3.3/../../../../avr/lib/avr5\libc.a(vfprintf_std.o)
__vector_1                                        c:/winavr-20100110/bin/../lib/gcc/avr/4.3.3/../../../../avr/lib/avr5/crtm32.o
__vector_10                                       c:/winavr-20100110/bin/../lib/gcc/avr/4.3.3/../../../../avr/lib/avr5/crtm32.o
__vector_11                                       c:/winavr-20100110/bin/../lib/gcc/avr/4.3.3/../../../../avr/lib/avr5/crtm32.o
__vector_12                                       c:/winavr-20100110/bin/../lib/gcc/avr/4.3.3/../../../../avr/lib/avr5/crtm32.o
__vector_13                                       usart.o
                                                  c:/winavr-20100110/bin/../lib/gcc/avr/4.3.3/../../../../avr/lib/avr5/crtm32.o
__vector_14                                       c:/winavr-20100110/bin/../lib/gcc/avr/4.3.3/../../../../avr/lib/avr5/crtm32.o
__vector_15                                       c:/winavr-20100110/bin/../lib/gcc/avr/4.3.3/../../../../avr/lib/avr5/crtm32.o
__vector_16                                       c:/winavr-20100110/bin/../lib/gcc/avr/4.3.3/../../../../avr/lib/avr5/crtm32.o
__vector_17                                       c:/winavr-20100110/bin/../lib/gcc/avr/4.3.3/../../../../avr/lib/avr5/crtm32.o
__vector_18                                       c:/winavr-20100110/bin/../lib/gcc/avr/4.3.3/../../../../avr/lib/avr5/crtm32.o
__vector_19                                       c:/winavr-20100110/bin/../lib/gcc/avr/4.3.3/../../../../avr/lib/avr5/crtm32.o
__vector_2                                        c:/winavr-20100110/bin/../lib/gcc/avr/4.3.3/../../../../avr/lib/avr5/crtm32.o
__vector_20                                       c:/winavr-20100110/bin/../lib/gcc/avr/4.3.3/../../../../avr/lib/avr5/crtm32.o
__vector_3                                        stack.o
                                                  c:/winavr-20100110/bin/../lib/gcc/avr/4.3.3/../../../../avr/lib/avr5/crtm32.o
__vector_4                                        c:/winavr-20100110/bin/../lib/gcc/avr/4.3.3/../../../../avr/lib/avr5/crtm32.o
__vector_5                                        c:/winavr-20100110/bin/../lib/gcc/avr/4.3.3/../../../../avr/lib/avr5/crtm32.o
__vector_6                                        c:/winavr-20100110/bin/../lib/gcc/avr/4.3.3/../../../../avr/lib/avr5/crtm32.o
__vector_7                                        timer.o
                                                  c:/winavr-20100110/bin/../lib/gcc/avr/4.3.3/../../../../avr/lib/avr5/crtm32.o
__vector_8                                        c:/winavr-20100110/bin/../lib/gcc/avr/4.3.3/../../../../avr/lib/avr5/crtm32.o
__vector_9                                        c:/winavr-20100110/bin/../lib/gcc/avr/4.3.3/../../../../avr/lib/avr5/crtm32.o
__vector_default                                  c:/winavr-20100110/bin/../lib/gcc/avr/4.3.3/../../../../avr/lib/avr5/crtm32.o
__vectors                                         c:/winavr-20100110/bin/../lib/gcc/avr/4.3.3/../../../../avr/lib/avr5/crtm32.o
_exit                                             c:/winavr-20100110/bin/../lib/gcc/avr/4.3.3/avr5\libgcc.a(_exit.o)
add_tcp_app                                       stack.o
                                                  http_get.o
                                                  telnetd.o
                                                  httpd.o
add_udp_app                                       stack.o
                                                  udp_lcd.o
arp_entry                                         dhcpc.o
                                                  dnsc.o
                                                  sendmail.o
                                                  http_get.o
                                                  wol.o
                                                  udp_lcd.o
                                                  ntp.o
                                                  telnetd.o
                                                  httpd.o
                                                  cmd.o
                                                  timer.o
                                                  stack.o
                                                  usart.o
                                                  main.o
arp_entry_add                                     stack.o
arp_entry_search                                  stack.o
arp_reply                                         stack.o
arp_request                                       stack.o
                                                  http_get.o
                                                  cmd.o
arp_timer_call                                    stack.o
atoi                                              c:/winavr-20100110/bin/../lib/gcc/avr/4.3.3/../../../../avr/lib/avr5\libc.a(atoi.o)
                                                  usart.o
bcast_MAC                                         stack.o
                                                  cmd.o
                                                  main.o
bcast_ip                                          stack.o
                                                  cmd.o
                                                  main.o
bild_balken                                       httpd.o
bild_rakete                                       httpd.o
buffercounter                                     usart.o
                                                  dhcpc.o
                                                  dnsc.o
                                                  sendmail.o
                                                  http_get.o
                                                  wol.o
                                                  udp_lcd.o
                                                  ntp.o
                                                  telnetd.o
                                                  httpd.o
                                                  networkcard/rtl8019.o
                                                  networkcard/enc28j60.o
                                                  base64.o
                                                  cmd.o
                                                  timer.o
                                                  stack.o
                                                  main.o
change_port_tcp_app                               stack.o
check_packet                                      stack.o
checksum                                          stack.o
command_UDP_discover                              cmd.o
command_arp                                       cmd.o
                                                  main.o
command_help                                      cmd.o
command_ip                                        cmd.o
command_mac                                       cmd.o
command_net                                       cmd.o
command_ntp                                       cmd.o
command_ntp_refresh                               cmd.o
command_ping                                      cmd.o
command_reset                                     cmd.o
command_router                                    cmd.o
command_setvar                                    cmd.o
command_tcp                                       cmd.o
command_time                                      cmd.o
command_ver                                       cmd.o
command_wol                                       cmd.o
create_new_tcp_packet                             stack.o
                                                  http_get.o
                                                  telnetd.o
                                                  httpd.o
create_new_udp_packet                             stack.o
create_tcp_packet                                 stack.o
                                                  http_get.o
decode_base64                                     base64.o
                                                  httpd.o
dstr                                              httpd.o
enc_init                                          networkcard/enc28j60.o
                                                  stack.o
enc_receive_packet                                networkcard/enc28j60.o
                                                  stack.o
enc_revid                                         networkcard/enc28j60.o
                                                  cmd.o
enc_send_packet                                   networkcard/enc28j60.o
                                                  stack.o
errno                                             c:/winavr-20100110/bin/../lib/gcc/avr/4.3.3/../../../../avr/lib/avr5\libc.a(errno.o)
                                                  c:/winavr-20100110/bin/../lib/gcc/avr/4.3.3/../../../../avr/lib/avr5\libc.a(strtol.o)
eth                                               dhcpc.o
                                                  dnsc.o
                                                  sendmail.o
                                                  http_get.o
                                                  wol.o
                                                  udp_lcd.o
                                                  ntp.o
                                                  telnetd.o
                                                  httpd.o
                                                  cmd.o
                                                  timer.o
                                                  stack.o
                                                  usart.o
                                                  main.o
eth_IP_dst                                        stack.o
                                                  main.o
eth_MAC_dst                                       stack.o
                                                  main.o
eth_buffer                                        http_get.o
                                                  udp_lcd.o
                                                  telnetd.o
                                                  httpd.o
                                                  stack.o
                                                  main.o
eth_buffer_size                                   stack.o
                                                  main.o
eth_get_data                                      stack.o
                                                  main.o
exit                                              c:/winavr-20100110/bin/../lib/gcc/avr/4.3.3/avr5\libgcc.a(_exit.o)
                                                  c:/winavr-20100110/bin/../lib/gcc/avr/4.3.3/../../../../avr/lib/avr5/crtm32.o
extract_cmd                                       cmd.o
                                                  main.o
find_and_start                                    stack.o
fputc                                             c:/winavr-20100110/bin/../lib/gcc/avr/4.3.3/../../../../avr/lib/avr5\libc.a(fputc.o)
                                                  c:/winavr-20100110/bin/../lib/gcc/avr/4.3.3/../../../../avr/lib/avr5\libc.a(vfprintf_std.o)
get_eeprom_value                                  stack.o
                                                  cmd.o
gp_timer                                          dhcpc.o
                                                  dnsc.o
                                                  sendmail.o
                                                  http_get.o
                                                  udp_lcd.o
                                                  ntp.o
                                                  httpd.o
                                                  cmd.o
                                                  timer.o
                                                  stack.o
                                                  main.o
helptext                                          cmd.o
htons                                             stack.o
htons32                                           stack.o
http_auth_passwort                                httpd.o
http_entry                                        httpd.o
http_get_state                                    http_get.o
http_header0                                      httpd.o
http_header1                                      httpd.o
http_header2                                      httpd.o
http_header3                                      httpd.o
http_header4                                      httpd.o
http_header5                                      httpd.o
http_request                                      http_get.o
httpd                                             httpd.o
httpd_data_send                                   httpd.o
httpd_header_check                                httpd.o
httpd_init                                        httpd.o
                                                  main.o
httpd_stack_clear                                 httpd.o
icmp_send                                         stack.o
                                                  cmd.o
isspace                                           c:/winavr-20100110/bin/../lib/gcc/avr/4.3.3/../../../../avr/lib/avr5\libc.a(isspace.o)
                                                  c:/winavr-20100110/bin/../lib/gcc/avr/4.3.3/../../../../avr/lib/avr5\libc.a(strtol.o)
itoa                                              c:/winavr-20100110/bin/../lib/gcc/avr/4.3.3/../../../../avr/lib/avr5\libc.a(itoa.o)
                                                  httpd.o
                                                  usart.o
kill_udp_app                                      stack.o
led_off                                           httpd.o
led_on                                            httpd.o
main                                              main.o
                                                  c:/winavr-20100110/bin/../lib/gcc/avr/4.3.3/../../../../avr/lib/avr5/crtm32.o
make_ip_header                                    stack.o
memcpy                                            c:/winavr-20100110/bin/../lib/gcc/avr/4.3.3/../../../../avr/lib/avr5\libc.a(memcpy.o)
                                                  c:/winavr-20100110/bin/../lib/gcc/avr/4.3.3/../../../../avr/lib/avr5\libc.a(memmove.o)
memcpy_P                                          c:/winavr-20100110/bin/../lib/gcc/avr/4.3.3/../../../../avr/lib/avr5\libc.a(memcpy_P.o)
                                                  telnetd.o
                                                  httpd.o
                                                  stack.o
memmove                                           c:/winavr-20100110/bin/../lib/gcc/avr/4.3.3/../../../../avr/lib/avr5\libc.a(memmove.o)
                                                  httpd.o
myLAN                                             http_get.o
                                                  networkcard/enc28j60.o
                                                  stack.o
myip                                              cmd.o
                                                  stack.o
                                                  main.o
mymac                                             http_get.o
                                                  networkcard/enc28j60.o
                                                  cmd.o
                                                  stack.o
                                                  main.o
netmask                                           cmd.o
                                                  stack.o
                                                  main.o
new_eth_header                                    stack.o
ping                                              cmd.o
                                                  stack.o
                                                  main.o
post_in                                           httpd.o
post_ready                                        httpd.o
read_adc                                          main.o
read_ip_addresses                                 cmd.o
retransmission_pointer                            telnetd.o
                                                  stack.o
                                                  usart.o
                                                  main.o
round                                             c:/winavr-20100110/bin/../lib/gcc/avr/4.3.3/../../../../avr/lib/avr5\libm.a(round.o)